Archive member included to satisfy reference by file (symbol)

C:/ST/STM32CubeIDE_1.17.0/STM32CubeIDE/plugins/com.st.stm32cube.ide.mcu.externaltools.gnu-tools-for-stm32.13.3.rel1.win32_1.0.0.202411081344/tools/bin/../lib/gcc/arm-none-eabi/13.3.1/../../../../arm-none-eabi/lib/thumb/v6-m/nofp\libc_nano.a(libc_a-exit.o)
                              C:/ST/STM32CubeIDE_1.17.0/STM32CubeIDE/plugins/com.st.stm32cube.ide.mcu.externaltools.gnu-tools-for-stm32.13.3.rel1.win32_1.0.0.202411081344/tools/bin/../lib/gcc/arm-none-eabi/13.3.1/../../../../arm-none-eabi/lib/thumb/v6-m/nofp/crt0.o (exit)
C:/ST/STM32CubeIDE_1.17.0/STM32CubeIDE/plugins/com.st.stm32cube.ide.mcu.externaltools.gnu-tools-for-stm32.13.3.rel1.win32_1.0.0.202411081344/tools/bin/../lib/gcc/arm-none-eabi/13.3.1/../../../../arm-none-eabi/lib/thumb/v6-m/nofp\libc_nano.a(libc_a-findfp.o)
                              C:/ST/STM32CubeIDE_1.17.0/STM32CubeIDE/plugins/com.st.stm32cube.ide.mcu.externaltools.gnu-tools-for-stm32.13.3.rel1.win32_1.0.0.202411081344/tools/bin/../lib/gcc/arm-none-eabi/13.3.1/../../../../arm-none-eabi/lib/thumb/v6-m/nofp\libc_nano.a(libc_a-exit.o) (__stdio_exit_handler)
C:/ST/STM32CubeIDE_1.17.0/STM32CubeIDE/plugins/com.st.stm32cube.ide.mcu.externaltools.gnu-tools-for-stm32.13.3.rel1.win32_1.0.0.202411081344/tools/bin/../lib/gcc/arm-none-eabi/13.3.1/../../../../arm-none-eabi/lib/thumb/v6-m/nofp\libc_nano.a(libc_a-fwalk.o)
                              C:/ST/STM32CubeIDE_1.17.0/STM32CubeIDE/plugins/com.st.stm32cube.ide.mcu.externaltools.gnu-tools-for-stm32.13.3.rel1.win32_1.0.0.202411081344/tools/bin/../lib/gcc/arm-none-eabi/13.3.1/../../../../arm-none-eabi/lib/thumb/v6-m/nofp\libc_nano.a(libc_a-findfp.o) (_fwalk_sglue)
C:/ST/STM32CubeIDE_1.17.0/STM32CubeIDE/plugins/com.st.stm32cube.ide.mcu.externaltools.gnu-tools-for-stm32.13.3.rel1.win32_1.0.0.202411081344/tools/bin/../lib/gcc/arm-none-eabi/13.3.1/../../../../arm-none-eabi/lib/thumb/v6-m/nofp\libc_nano.a(libc_a-stdio.o)
                              C:/ST/STM32CubeIDE_1.17.0/STM32CubeIDE/plugins/com.st.stm32cube.ide.mcu.externaltools.gnu-tools-for-stm32.13.3.rel1.win32_1.0.0.202411081344/tools/bin/../lib/gcc/arm-none-eabi/13.3.1/../../../../arm-none-eabi/lib/thumb/v6-m/nofp\libc_nano.a(libc_a-findfp.o) (__sread)
C:/ST/STM32CubeIDE_1.17.0/STM32CubeIDE/plugins/com.st.stm32cube.ide.mcu.externaltools.gnu-tools-for-stm32.13.3.rel1.win32_1.0.0.202411081344/tools/bin/../lib/gcc/arm-none-eabi/13.3.1/../../../../arm-none-eabi/lib/thumb/v6-m/nofp\libc_nano.a(libc_a-vsprintf.o)
                              ./bootloader_cm0/Src/bl_cm0.o (vsprintf)
C:/ST/STM32CubeIDE_1.17.0/STM32CubeIDE/plugins/com.st.stm32cube.ide.mcu.externaltools.gnu-tools-for-stm32.13.3.rel1.win32_1.0.0.202411081344/tools/bin/../lib/gcc/arm-none-eabi/13.3.1/../../../../arm-none-eabi/lib/thumb/v6-m/nofp\libc_nano.a(libc_a-memset.o)
                              C:/ST/STM32CubeIDE_1.17.0/STM32CubeIDE/plugins/com.st.stm32cube.ide.mcu.externaltools.gnu-tools-for-stm32.13.3.rel1.win32_1.0.0.202411081344/tools/bin/../lib/gcc/arm-none-eabi/13.3.1/../../../../arm-none-eabi/lib/thumb/v6-m/nofp/crt0.o (memset)
C:/ST/STM32CubeIDE_1.17.0/STM32CubeIDE/plugins/com.st.stm32cube.ide.mcu.externaltools.gnu-tools-for-stm32.13.3.rel1.win32_1.0.0.202411081344/tools/bin/../lib/gcc/arm-none-eabi/13.3.1/../../../../arm-none-eabi/lib/thumb/v6-m/nofp\libc_nano.a(libc_a-closer.o)
                              C:/ST/STM32CubeIDE_1.17.0/STM32CubeIDE/plugins/com.st.stm32cube.ide.mcu.externaltools.gnu-tools-for-stm32.13.3.rel1.win32_1.0.0.202411081344/tools/bin/../lib/gcc/arm-none-eabi/13.3.1/../../../../arm-none-eabi/lib/thumb/v6-m/nofp\libc_nano.a(libc_a-stdio.o) (_close_r)
C:/ST/STM32CubeIDE_1.17.0/STM32CubeIDE/plugins/com.st.stm32cube.ide.mcu.externaltools.gnu-tools-for-stm32.13.3.rel1.win32_1.0.0.202411081344/tools/bin/../lib/gcc/arm-none-eabi/13.3.1/../../../../arm-none-eabi/lib/thumb/v6-m/nofp\libc_nano.a(libc_a-reent.o)
                              C:/ST/STM32CubeIDE_1.17.0/STM32CubeIDE/plugins/com.st.stm32cube.ide.mcu.externaltools.gnu-tools-for-stm32.13.3.rel1.win32_1.0.0.202411081344/tools/bin/../lib/gcc/arm-none-eabi/13.3.1/../../../../arm-none-eabi/lib/thumb/v6-m/nofp\libc_nano.a(libc_a-closer.o) (errno)
C:/ST/STM32CubeIDE_1.17.0/STM32CubeIDE/plugins/com.st.stm32cube.ide.mcu.externaltools.gnu-tools-for-stm32.13.3.rel1.win32_1.0.0.202411081344/tools/bin/../lib/gcc/arm-none-eabi/13.3.1/../../../../arm-none-eabi/lib/thumb/v6-m/nofp\libc_nano.a(libc_a-impure.o)
                              C:/ST/STM32CubeIDE_1.17.0/STM32CubeIDE/plugins/com.st.stm32cube.ide.mcu.externaltools.gnu-tools-for-stm32.13.3.rel1.win32_1.0.0.202411081344/tools/bin/../lib/gcc/arm-none-eabi/13.3.1/../../../../arm-none-eabi/lib/thumb/v6-m/nofp\libc_nano.a(libc_a-vsprintf.o) (_impure_ptr)
[...]
Memory Configuration

Name             Origin             Length             Attributes
RAM              0x20000000         0x00002000         xrw
FLASH            0x08000000         0x00005000         xr
*default*        0x00000000         0xffffffff

Linker script and memory map

LOAD C:/ST/STM32CubeIDE_1.17.0/STM32CubeIDE/plugins/com.st.stm32cube.ide.mcu.externaltools.gnu-tools-for-stm32.13.3.rel1.win32_1.0.0.202411081344/tools/bin/../lib/gcc/arm-none-eabi/13.3.1/thumb/v6-m/nofp/crti.o
LOAD C:/ST/STM32CubeIDE_1.17.0/STM32CubeIDE/plugins/com.st.stm32cube.ide.mcu.externaltools.gnu-tools-for-stm32.13.3.rel1.win32_1.0.0.202411081344/tools/bin/../lib/gcc/arm-none-eabi/13.3.1/thumb/v6-m/nofp/crtbegin.o
LOAD C:/ST/STM32CubeIDE_1.17.0/STM32CubeIDE/plugins/com.st.stm32cube.ide.mcu.externaltools.gnu-tools-for-stm32.13.3.rel1.win32_1.0.0.202411081344/tools/bin/../lib/gcc/arm-none-eabi/13.3.1/../../../../arm-none-eabi/lib/thumb/v6-m/nofp/crt0.o
LOAD ./Core/Src/cm_boot.o
LOAD ./Core/Src/main.o
LOAD ./Core/Src/stm32f0xx_hal_msp.o
LOAD ./Core/Src/stm32f0xx_it.o
LOAD ./Core/Src/syscalls.o
LOAD ./Core/Src/sysmem.o
LOAD ./Core/Src/system_stm32f0xx.o
LOAD ./Core/Startup/startup_stm32f030c8tx.o
LOAD ./Drivers/STM32F0xx_HAL_Driver/Src/stm32f0xx_hal.o
LOAD ./Drivers/STM32F0xx_HAL_Driver/Src/stm32f0xx_hal_cortex.o
LOAD ./Drivers/STM32F0xx_HAL_Driver/Src/stm32f0xx_hal_dma.o
LOAD ./Drivers/STM32F0xx_HAL_Driver/Src/stm32f0xx_hal_exti.o
LOAD ./Drivers/STM32F0xx_HAL_Driver/Src/stm32f0xx_hal_flash.o
LOAD ./Drivers/STM32F0xx_HAL_Driver/Src/stm32f0xx_hal_flash_ex.o
LOAD ./Drivers/STM32F0xx_HAL_Driver/Src/stm32f0xx_hal_gpio.o
LOAD ./Drivers/STM32F0xx_HAL_Driver/Src/stm32f0xx_hal_i2c.o
LOAD ./Drivers/STM32F0xx_HAL_Driver/Src/stm32f0xx_hal_i2c_ex.o
LOAD ./Drivers/STM32F0xx_HAL_Driver/Src/stm32f0xx_hal_pwr.o
LOAD ./Drivers/STM32F0xx_HAL_Driver/Src/stm32f0xx_hal_pwr_ex.o
LOAD ./Drivers/STM32F0xx_HAL_Driver/Src/stm32f0xx_hal_rcc.o
LOAD ./Drivers/STM32F0xx_HAL_Driver/Src/stm32f0xx_hal_rcc_ex.o
LOAD ./Drivers/STM32F0xx_HAL_Driver/Src/stm32f0xx_hal_spi.o
LOAD ./Drivers/STM32F0xx_HAL_Driver/Src/stm32f0xx_hal_spi_ex.o
LOAD ./Drivers/STM32F0xx_HAL_Driver/Src/stm32f0xx_hal_uart.o
LOAD ./Drivers/STM32F0xx_HAL_Driver/Src/stm32f0xx_hal_uart_ex.o
LOAD ./bootloader_cm0/Src/bl_cm0.o
LOAD ./crc/Src/crc.o
START GROUP
LOAD C:/ST/STM32CubeIDE_1.17.0/STM32CubeIDE/plugins/com.st.stm32cube.ide.mcu.externaltools.gnu-tools-for-stm32.13.3.rel1.win32_1.0.0.202411081344/tools/bin/../lib/gcc/arm-none-eabi/13.3.1/../../../../arm-none-eabi/lib/thumb/v6-m/nofp\libc_nano.a
LOAD C:/ST/STM32CubeIDE_1.17.0/STM32CubeIDE/plugins/com.st.stm32cube.ide.mcu.externaltools.gnu-tools-for-stm32.13.3.rel1.win32_1.0.0.202411081344/tools/bin/../lib/gcc/arm-none-eabi/13.3.1/../../../../arm-none-eabi/lib/thumb/v6-m/nofp\libm.a
END GROUP
START GROUP
LOAD C:/ST/STM32CubeIDE_1.17.0/STM32CubeIDE/plugins/com.st.stm32cube.ide.mcu.externaltools.gnu-tools-for-stm32.13.3.rel1.win32_1.0.0.202411081344/tools/bin/../lib/gcc/arm-none-eabi/13.3.1/thumb/v6-m/nofp\libgcc.a
LOAD C:/ST/STM32CubeIDE_1.17.0/STM32CubeIDE/plugins/com.st.stm32cube.ide.mcu.externaltools.gnu-tools-for-stm32.13.3.rel1.win32_1.0.0.202411081344/tools/bin/../lib/gcc/arm-none-eabi/13.3.1/../../../../arm-none-eabi/lib/thumb/v6-m/nofp\libc_nano.a
END GROUP
START GROUP
LOAD C:/ST/STM32CubeIDE_1.17.0/STM32CubeIDE/plugins/com.st.stm32cube.ide.mcu.externaltools.gnu-tools-for-stm32.13.3.rel1.win32_1.0.0.202411081344/tools/bin/../lib/gcc/arm-none-eabi/13.3.1/thumb/v6-m/nofp\libgcc.a
LOAD C:/ST/STM32CubeIDE_1.17.0/STM32CubeIDE/plugins/com.st.stm32cube.ide.mcu.externaltools.gnu-tools-for-stm32.13.3.rel1.win32_1.0.0.202411081344/tools/bin/../lib/gcc/arm-none-eabi/13.3.1/../../../../arm-none-eabi/lib/thumb/v6-m/nofp\libc_nano.a
LOAD C:/ST/STM32CubeIDE_1.17.0/STM32CubeIDE/plugins/com.st.stm32cube.ide.mcu.externaltools.gnu-tools-for-stm32.13.3.rel1.win32_1.0.0.202411081344/tools/bin/../lib/gcc/arm-none-eabi/13.3.1/../../../../arm-none-eabi/lib/thumb/v6-m/nofp\libnosys.a
END GROUP
START GROUP
LOAD C:/ST/STM32CubeIDE_1.17.0/STM32CubeIDE/plugins/com.st.stm32cube.ide.mcu.externaltools.gnu-tools-for-stm32.13.3.rel1.win32_1.0.0.202411081344/tools/bin/../lib/gcc/arm-none-eabi/13.3.1/thumb/v6-m/nofp\libgcc.a
LOAD C:/ST/STM32CubeIDE_1.17.0/STM32CubeIDE/plugins/com.st.stm32cube.ide.mcu.externaltools.gnu-tools-for-stm32.13.3.rel1.win32_1.0.0.202411081344/tools/bin/../lib/gcc/arm-none-eabi/13.3.1/../../../../arm-none-eabi/lib/thumb/v6-m/nofp\libc_nano.a
LOAD C:/ST/STM32CubeIDE_1.17.0/STM32CubeIDE/plugins/com.st.stm32cube.ide.mcu.externaltools.gnu-tools-for-stm32.13.3.rel1.win32_1.0.0.202411081344/tools/bin/../lib/gcc/arm-none-eabi/13.3.1/../../../../arm-none-eabi/lib/thumb/v6-m/nofp\libnosys.a
END GROUP
LOAD C:/ST/STM32CubeIDE_1.17.0/STM32CubeIDE/plugins/com.st.stm32cube.ide.mcu.externaltools.gnu-tools-for-stm32.13.3.rel1.win32_1.0.0.202411081344/tools/bin/../lib/gcc/arm-none-eabi/13.3.1/thumb/v6-m/nofp/crtend.o
LOAD C:/ST/STM32CubeIDE_1.17.0/STM32CubeIDE/plugins/com.st.stm32cube.ide.mcu.externaltools.gnu-tools-for-stm32.13.3.rel1.win32_1.0.0.202411081344/tools/bin/../lib/gcc/arm-none-eabi/13.3.1/thumb/v6-m/nofp/crtn.o
                0x20002000                        _estack = (ORIGIN (RAM) + LENGTH (RAM))
                0x00000200                        _Min_Heap_Size = 0x200
                0x00000400                        _Min_Stack_Size = 0x400

.isr_vector     0x08000000       0xc0
                0x08000000                        . = ALIGN (0x4)
 *(.isr_vector)
 .isr_vector    0x08000000       0xc0 ./Core/Startup/startup_stm32f030c8tx.o
                0x08000000                g_pfnVectors
                0x080000c0                        . = ALIGN (0x4)

.text           0x080000c0     0x3d10
                0x080000c0                        . = ALIGN (0x4)
 *(.text)
 .text          0x080000c0       0x48 C:/ST/STM32CubeIDE_1.17.0/STM32CubeIDE/plugins/com.st.stm32cube.ide.mcu.externaltools.gnu-tools-for-stm32.13.3.rel1.win32_1.0.0.202411081344/tools/bin/../lib/gcc/arm-none-eabi/13.3.1/thumb/v6-m/nofp/crtbegin.o
 .text          0x08000108        0xe C:/ST/STM32CubeIDE_1.17.0/STM32CubeIDE/plugins/com.st.stm32cube.ide.mcu.externaltools.gnu-tools-for-stm32.13.3.rel1.win32_1.0.0.202411081344/tools/bin/../lib/gcc/arm-none-eabi/13.3.1/../../../../arm-none-eabi/lib/thumb/v6-m/nofp\libc_nano.a(libc_a-strlen.o)
                0x08000108                strlen
 *fill*         0x08000116        0x2 
 .text          0x08000118       0x14 C:/ST/STM32CubeIDE_1.17.0/STM32CubeIDE/plugins/com.st.stm32cube.ide.mcu.externaltools.gnu-tools-for-stm32.13.3.rel1.win32_1.0.0.202411081344/tools/bin/../lib/gcc/arm-none-eabi/13.3.1/thumb/v6-m/nofp\libgcc.a(_thumb1_case_shi.o)
                0x08000118                __gnu_thumb1_case_shi
 .text          0x0800012c      0x114 C:/ST/STM32CubeIDE_1.17.0/STM32CubeIDE/plugins/com.st.stm32cube.ide.mcu.externaltools.gnu-tools-for-stm32.13.3.rel1.win32_1.0.0.202411081344/tools/bin/../lib/gcc/arm-none-eabi/13.3.1/thumb/v6-m/nofp\libgcc.a(_udivsi3.o)
                0x0800012c                __aeabi_uidiv
                0x0800012c                __udivsi3
                0x08000238                __aeabi_uidivmod
 .text          0x08000240        0x4 C:/ST/STM32CubeIDE_1.17.0/STM32CubeIDE/plugins/com.st.stm32cube.ide.mcu.externaltools.gnu-tools-for-stm32.13.3.rel1.win32_1.0.0.202411081344/tools/bin/../lib/gcc/arm-none-eabi/13.3.1/thumb/v6-m/nofp\libgcc.a(_dvmd_tls.o)
                0x08000240                __aeabi_idiv0
                0x08000240                __aeabi_ldiv0
 *(.text*)
 .text.main     0x08000244      0x21c ./Core/Src/main.o
                0x08000244                main
 .text.SystemClock_Config
                0x08000460       0xc2 ./Core/Src/main.o
                0x08000460                SystemClock_Config
 *fill*         0x08000522        0x2 
 .text.MX_SPI1_Init
                0x08000524       0x80 ./Core/Src/main.o
 .text.MX_USART1_UART_Init
                0x080005a4       0x60 ./Core/Src/main.o
 .text.MX_DMA_Init
                0x08000604       0x3c ./Core/Src/main.o
 .text.MX_GPIO_Init
                0x08000640       0x30 ./Core/Src/main.o
 .text.HAL_UART_RxCpltCallback
                0x08000670       0xf0 ./Core/Src/main.o
                0x08000670                HAL_UART_RxCpltCallback
 .text.Error_Handler
                0x08000760        0xc ./Core/Src/main.o
                0x08000760                Error_Handler
 .text.HAL_MspInit
                0x0800076c       0x48 ./Core/Src/stm32f0xx_hal_msp.o
                0x0800076c                HAL_MspInit
 .text.HAL_SPI_MspInit
                0x080007b4       0x98 ./Core/Src/stm32f0xx_hal_msp.o
                0x080007b4                HAL_SPI_MspInit
 .text.HAL_UART_MspInit
                0x0800084c       0xf0 ./Core/Src/stm32f0xx_hal_msp.o
                0x0800084c                HAL_UART_MspInit
 .text.NMI_Handler
                0x0800093c        0x8 ./Core/Src/stm32f0xx_it.o
                0x0800093c                NMI_Handler
 .text.HardFault_Handler
                0x08000944        0x8 ./Core/Src/stm32f0xx_it.o
                0x08000944                HardFault_Handler
 .text.SVC_Handler
                0x0800094c        0xa ./Core/Src/stm32f0xx_it.o
                0x0800094c                SVC_Handler
 .text.PendSV_Handler
                0x08000956        0xa ./Core/Src/stm32f0xx_it.o
                0x08000956                PendSV_Handler
 .text.SysTick_Handler
                0x08000960        0xe ./Core/Src/stm32f0xx_it.o
                0x08000960                SysTick_Handler
 *fill*         0x0800096e        0x2 
 .text.DMA1_Channel2_3_IRQHandler
                0x08000970       0x18 ./Core/Src/stm32f0xx_it.o
                0x08000970                DMA1_Channel2_3_IRQHandler
 .text._sbrk    0x08000988       0x6c ./Core/Src/sysmem.o
                0x08000988                _sbrk
 .text.SystemInit
                0x080009f4        0xa ./Core/Src/system_stm32f0xx.o
                0x080009f4                SystemInit
 *fill*         0x080009fe        0x2 
 .text.Reset_Handler
                0x08000a00       0x50 ./Core/Startup/startup_stm32f030c8tx.o
                0x08000a00                Reset_Handler
 .text.Default_Handler
                0x08000a50        0x2 ./Core/Startup/startup_stm32f030c8tx.o
                0x08000a50                TIM1_CC_IRQHandler
                0x08000a50                TIM6_IRQHandler
                0x08000a50                I2C1_IRQHandler
                0x08000a50                SPI1_IRQHandler
                0x08000a50                EXTI2_3_IRQHandler
                0x08000a50                ADC1_IRQHandler
                0x08000a50                I2C2_IRQHandler
                0x08000a50                TIM17_IRQHandler
                0x08000a50                RTC_IRQHandler
                0x08000a50                TIM16_IRQHandler
                0x08000a50                TIM3_IRQHandler
                0x08000a50                EXTI4_15_IRQHandler
                0x08000a50                RCC_IRQHandler
                0x08000a50                DMA1_Channel1_IRQHandler
                0x08000a50                Default_Handler
                0x08000a50                TIM14_IRQHandler
                0x08000a50                DMA1_Channel4_5_IRQHandler
                0x08000a50                TIM15_IRQHandler
                0x08000a50                EXTI0_1_IRQHandler
                0x08000a50                SPI2_IRQHandler
                0x08000a50                WWDG_IRQHandler
                0x08000a50                USART2_IRQHandler
                0x08000a50                FLASH_IRQHandler
                0x08000a50                USART1_IRQHandler
                0x08000a50                TIM1_BRK_UP_TRG_COM_IRQHandler
 *fill*         0x08000a52        0x2 
 .text.HAL_Init
                0x08000a54       0x28 ./Drivers/STM32F0xx_HAL_Driver/Src/stm32f0xx_hal.o
                0x08000a54                HAL_Init
 .text.HAL_InitTick
                0x08000a7c       0x68 ./Drivers/STM32F0xx_HAL_Driver/Src/stm32f0xx_hal.o
                0x08000a7c                HAL_InitTick
 .text.HAL_IncTick
                0x08000ae4       0x24 ./Drivers/STM32F0xx_HAL_Driver/Src/stm32f0xx_hal.o
                0x08000ae4                HAL_IncTick
 .text.HAL_GetTick
                0x08000b08       0x14 ./Drivers/STM32F0xx_HAL_Driver/Src/stm32f0xx_hal.o
                0x08000b08                HAL_GetTick
 .text.HAL_Delay
                0x08000b1c       0x48 ./Drivers/STM32F0xx_HAL_Driver/Src/stm32f0xx_hal.o
                0x08000b1c                HAL_Delay
 .text.__NVIC_EnableIRQ
                0x08000b64       0x34 ./Drivers/STM32F0xx_HAL_Driver/Src/stm32f0xx_hal_cortex.o
 .text.__NVIC_SetPriority
                0x08000b98       0xdc ./Drivers/STM32F0xx_HAL_Driver/Src/stm32f0xx_hal_cortex.o
 .text.SysTick_Config
                0x08000c74       0x48 ./Drivers/STM32F0xx_HAL_Driver/Src/stm32f0xx_hal_cortex.o
 .text.HAL_NVIC_SetPriority
                0x08000cbc       0x2a ./Drivers/STM32F0xx_HAL_Driver/Src/stm32f0xx_hal_cortex.o
                0x08000cbc                HAL_NVIC_SetPriority
 .text.HAL_NVIC_EnableIRQ
                0x08000ce6       0x20 ./Drivers/STM32F0xx_HAL_Driver/Src/stm32f0xx_hal_cortex.o
                0x08000ce6                HAL_NVIC_EnableIRQ
 .text.HAL_SYSTICK_Config
                0x08000d06       0x1a ./Drivers/STM32F0xx_HAL_Driver/Src/stm32f0xx_hal_cortex.o
                0x08000d06                HAL_SYSTICK_Config
 .text.HAL_DMA_Init
                0x08000d20       0x90 ./Drivers/STM32F0xx_HAL_Driver/Src/stm32f0xx_hal_dma.o
                0x08000d20                HAL_DMA_Init
 .text.HAL_DMA_Start_IT
                0x08000db0       0xcc ./Drivers/STM32F0xx_HAL_Driver/Src/stm32f0xx_hal_dma.o
                0x08000db0                HAL_DMA_Start_IT
 .text.HAL_DMA_IRQHandler
                0x08000e7c      0x144 ./Drivers/STM32F0xx_HAL_Driver/Src/stm32f0xx_hal_dma.o
                0x08000e7c                HAL_DMA_IRQHandler
 .text.DMA_SetConfig
                0x08000fc0       0x58 ./Drivers/STM32F0xx_HAL_Driver/Src/stm32f0xx_hal_dma.o
 .text.DMA_CalcBaseAndBitshift
                0x08001018       0x38 ./Drivers/STM32F0xx_HAL_Driver/Src/stm32f0xx_hal_dma.o
 .text.HAL_FLASH_Program
                0x08001050      0x12c ./Drivers/STM32F0xx_HAL_Driver/Src/stm32f0xx_hal_flash.o
                0x08001050                HAL_FLASH_Program
 .text.HAL_FLASH_Unlock
                0x0800117c       0x4c ./Drivers/STM32F0xx_HAL_Driver/Src/stm32f0xx_hal_flash.o
                0x0800117c                HAL_FLASH_Unlock
 .text.HAL_FLASH_Lock
                0x080011c8       0x1c ./Drivers/STM32F0xx_HAL_Driver/Src/stm32f0xx_hal_flash.o
                0x080011c8                HAL_FLASH_Lock
 .text.FLASH_Program_HalfWord
                0x080011e4       0x38 ./Drivers/STM32F0xx_HAL_Driver/Src/stm32f0xx_hal_flash.o
 .text.FLASH_WaitForLastOperation
                0x0800121c       0x80 ./Drivers/STM32F0xx_HAL_Driver/Src/stm32f0xx_hal_flash.o
                0x0800121c                FLASH_WaitForLastOperation
 .text.FLASH_SetErrorCode
                0x0800129c       0x60 ./Drivers/STM32F0xx_HAL_Driver/Src/stm32f0xx_hal_flash.o
 .text.HAL_FLASHEx_Erase
                0x080012fc       0xec ./Drivers/STM32F0xx_HAL_Driver/Src/stm32f0xx_hal_flash_ex.o
                0x080012fc                HAL_FLASHEx_Erase
 .text.FLASH_MassErase
                0x080013e8       0x30 ./Drivers/STM32F0xx_HAL_Driver/Src/stm32f0xx_hal_flash_ex.o
 .text.FLASH_PageErase
                0x08001418       0x3c ./Drivers/STM32F0xx_HAL_Driver/Src/stm32f0xx_hal_flash_ex.o
                0x08001418                FLASH_PageErase
 .text.HAL_GPIO_Init
                0x08001454      0x2e0 ./Drivers/STM32F0xx_HAL_Driver/Src/stm32f0xx_hal_gpio.o
                0x08001454                HAL_GPIO_Init
 .text.HAL_RCC_OscConfig
                0x08001734      0x634 ./Drivers/STM32F0xx_HAL_Driver/Src/stm32f0xx_hal_rcc.o
                0x08001734                HAL_RCC_OscConfig
 .text.HAL_RCC_ClockConfig
                0x08001d68      0x19c ./Drivers/STM32F0xx_HAL_Driver/Src/stm32f0xx_hal_rcc.o
                0x08001d68                HAL_RCC_ClockConfig
 .text.HAL_RCC_GetSysClockFreq
                0x08001f04       0xac ./Drivers/STM32F0xx_HAL_Driver/Src/stm32f0xx_hal_rcc.o
                0x08001f04                HAL_RCC_GetSysClockFreq
 .text.HAL_RCC_GetHCLKFreq
                0x08001fb0       0x14 ./Drivers/STM32F0xx_HAL_Driver/Src/stm32f0xx_hal_rcc.o
                0x08001fb0                HAL_RCC_GetHCLKFreq
 .text.HAL_RCC_GetPCLK1Freq
                0x08001fc4       0x2c ./Drivers/STM32F0xx_HAL_Driver/Src/stm32f0xx_hal_rcc.o
                0x08001fc4                HAL_RCC_GetPCLK1Freq
 .text.HAL_RCCEx_PeriphCLKConfig
                0x08001ff0      0x19c ./Drivers/STM32F0xx_HAL_Driver/Src/stm32f0xx_hal_rcc_ex.o
                0x08001ff0                HAL_RCCEx_PeriphCLKConfig
 .text.HAL_SPI_Init
                0x0800218c      0x170 ./Drivers/STM32F0xx_HAL_Driver/Src/stm32f0xx_hal_spi.o
                0x0800218c                HAL_SPI_Init
 .text.HAL_UART_Init
                0x080022fc       0xa8 ./Drivers/STM32F0xx_HAL_Driver/Src/stm32f0xx_hal_uart.o
                0x080022fc                HAL_UART_Init
 .text.HAL_UART_Transmit
                0x080023a4      0x13e ./Drivers/STM32F0xx_HAL_Driver/Src/stm32f0xx_hal_uart.o
                0x080023a4                HAL_UART_Transmit
 .text.HAL_UART_Receive_DMA
                0x080024e2       0xae ./Drivers/STM32F0xx_HAL_Driver/Src/stm32f0xx_hal_uart.o
                0x080024e2                HAL_UART_Receive_DMA
 .text.HAL_UART_RxHalfCpltCallback
                0x08002590       0x10 ./Drivers/STM32F0xx_HAL_Driver/Src/stm32f0xx_hal_uart.o
                0x08002590                HAL_UART_RxHalfCpltCallback
 .text.HAL_UART_ErrorCallback
                0x080025a0       0x10 ./Drivers/STM32F0xx_HAL_Driver/Src/stm32f0xx_hal_uart.o
                0x080025a0                HAL_UART_ErrorCallback
 .text.HAL_UARTEx_RxEventCallback
                0x080025b0       0x16 ./Drivers/STM32F0xx_HAL_Driver/Src/stm32f0xx_hal_uart.o
                0x080025b0                HAL_UARTEx_RxEventCallback
 *fill*         0x080025c6        0x2 
 .text.UART_SetConfig
                0x080025c8      0x280 ./Drivers/STM32F0xx_HAL_Driver/Src/stm32f0xx_hal_uart.o
                0x080025c8                UART_SetConfig
 .text.UART_AdvFeatureConfig
                0x08002848      0x168 ./Drivers/STM32F0xx_HAL_Driver/Src/stm32f0xx_hal_uart.o
                0x08002848                UART_AdvFeatureConfig
 .text.UART_CheckIdleState
                0x080029b0      0x150 ./Drivers/STM32F0xx_HAL_Driver/Src/stm32f0xx_hal_uart.o
                0x080029b0                UART_CheckIdleState
 .text.UART_WaitOnFlagUntilTimeout
                0x08002b00       0xde ./Drivers/STM32F0xx_HAL_Driver/Src/stm32f0xx_hal_uart.o
                0x08002b00                UART_WaitOnFlagUntilTimeout
 *fill*         0x08002bde        0x2 
 .text.UART_Start_Receive_DMA
                0x08002be0      0x140 ./Drivers/STM32F0xx_HAL_Driver/Src/stm32f0xx_hal_uart.o
                0x08002be0                UART_Start_Receive_DMA
 .text.UART_EndTxTransfer
                0x08002d20       0x48 ./Drivers/STM32F0xx_HAL_Driver/Src/stm32f0xx_hal_uart.o
 .text.UART_EndRxTransfer
                0x08002d68       0xc8 ./Drivers/STM32F0xx_HAL_Driver/Src/stm32f0xx_hal_uart.o
 .text.UART_DMAReceiveCplt
                0x08002e30      0x12c ./Drivers/STM32F0xx_HAL_Driver/Src/stm32f0xx_hal_uart.o
 .text.UART_DMARxHalfCplt
                0x08002f5c       0x42 ./Drivers/STM32F0xx_HAL_Driver/Src/stm32f0xx_hal_uart.o
 .text.UART_DMAError
                0x08002f9e       0x84 ./Drivers/STM32F0xx_HAL_Driver/Src/stm32f0xx_hal_uart.o
 *fill*         0x08003022        0x2 
 .text.disable_unpend_all_ints
                0x08003024       0x60 ./bootloader_cm0/Src/bl_cm0.o
 .text.vectable_setup
                0x08003084       0x24 ./bootloader_cm0/Src/bl_cm0.o
 .text.app_start
                0x080030a8       0x28 ./bootloader_cm0/Src/bl_cm0.o
 .text.bl_usart_printf
                0x080030d0       0x58 ./bootloader_cm0/Src/bl_cm0.o
                0x080030d0                bl_usart_printf
 .text.bl_jump_to_app
                0x08003128       0x6c ./bootloader_cm0/Src/bl_cm0.o
                0x08003128                bl_jump_to_app
 .text.bl_erase_35kB_mem
                0x08003194       0x5c ./bootloader_cm0/Src/bl_cm0.o
                0x08003194                bl_erase_35kB_mem
 .text.bl_write_mem_256_bytes
                0x080031f0       0xa2 ./bootloader_cm0/Src/bl_cm0.o
                0x080031f0                bl_write_mem_256_bytes
 .text.bl_execute_cmd
                0x08003292       0x46 ./bootloader_cm0/Src/bl_cm0.o
                0x08003292                bl_execute_cmd
 .text.crc_calc_crc8
                0x080032d8       0xdc ./crc/Src/crc.o
                0x080032d8                crc_calc_crc8
 .text.crc_calc_crc16
                0x080033b4       0xc8 ./crc/Src/crc.o
                0x080033b4                crc_calc_crc16
 .text._vsprintf_r
                0x0800347c       0x2c C:/ST/STM32CubeIDE_1.17.0/STM32CubeIDE/plugins/com.st.stm32cube.ide.mcu.externaltools.gnu-tools-for-stm32.13.3.rel1.win32_1.0.0.202411081344/tools/bin/../lib/gcc/arm-none-eabi/13.3.1/../../../../arm-none-eabi/lib/thumb/v6-m/nofp\libc_nano.a(libc_a-vsprintf.o)
                0x0800347c                _vsprintf_r
                0x0800347c                _vsiprintf_r
 .text.vsprintf
                0x080034a8       0x18 C:/ST/STM32CubeIDE_1.17.0/STM32CubeIDE/plugins/com.st.stm32cube.ide.mcu.externaltools.gnu-tools-for-stm32.13.3.rel1.win32_1.0.0.202411081344/tools/bin/../lib/gcc/arm-none-eabi/13.3.1/../../../../arm-none-eabi/lib/thumb/v6-m/nofp\libc_nano.a(libc_a-vsprintf.o)
                0x080034a8                vsiprintf
                0x080034a8                vsprintf
 .text.memset   0x080034c0       0x10 C:/ST/STM32CubeIDE_1.17.0/STM32CubeIDE/plugins/com.st.stm32cube.ide.mcu.externaltools.gnu-tools-for-stm32.13.3.rel1.win32_1.0.0.202411081344/tools/bin/../lib/gcc/arm-none-eabi/13.3.1/../../../../arm-none-eabi/lib/thumb/v6-m/nofp\libc_nano.a(libc_a-memset.o)
                0x080034c0                memset
 .text.__errno  0x080034d0        0xc C:/ST/STM32CubeIDE_1.17.0/STM32CubeIDE/plugins/com.st.stm32cube.ide.mcu.externaltools.gnu-tools-for-stm32.13.3.rel1.win32_1.0.0.202411081344/tools/bin/../lib/gcc/arm-none-eabi/13.3.1/../../../../arm-none-eabi/lib/thumb/v6-m/nofp\libc_nano.a(libc_a-errno.o)
                0x080034d0                __errno
 .text.__libc_init_array
                0x080034dc       0x48 C:/ST/STM32CubeIDE_1.17.0/STM32CubeIDE/plugins/com.st.stm32cube.ide.mcu.externaltools.gnu-tools-for-stm32.13.3.rel1.win32_1.0.0.202411081344/tools/bin/../lib/gcc/arm-none-eabi/13.3.1/../../../../arm-none-eabi/lib/thumb/v6-m/nofp\libc_nano.a(libc_a-init.o)
                0x080034dc                __libc_init_array
 .text.__retarget_lock_acquire_recursive
                0x08003524        0x2 C:/ST/STM32CubeIDE_1.17.0/STM32CubeIDE/plugins/com.st.stm32cube.ide.mcu.externaltools.gnu-tools-for-stm32.13.3.rel1.win32_1.0.0.202411081344/tools/bin/../lib/gcc/arm-none-eabi/13.3.1/../../../../arm-none-eabi/lib/thumb/v6-m/nofp\libc_nano.a(libc_a-lock.o)
                0x08003524                __retarget_lock_acquire_recursive
 .text.__retarget_lock_release_recursive
                0x08003526        0x2 C:/ST/STM32CubeIDE_1.17.0/STM32CubeIDE/plugins/com.st.stm32cube.ide.mcu.externaltools.gnu-tools-for-stm32.13.3.rel1.win32_1.0.0.202411081344/tools/bin/../lib/gcc/arm-none-eabi/13.3.1/../../../../arm-none-eabi/lib/thumb/v6-m/nofp\libc_nano.a(libc_a-lock.o)
                0x08003526                __retarget_lock_release_recursive
 .text.memcpy   0x08003528       0x12 C:/ST/STM32CubeIDE_1.17.0/STM32CubeIDE/plugins/com.st.stm32cube.ide.mcu.externaltools.gnu-tools-for-stm32.13.3.rel1.win32_1.0.0.202411081344/tools/bin/../lib/gcc/arm-none-eabi/13.3.1/../../../../arm-none-eabi/lib/thumb/v6-m/nofp\libc_nano.a(libc_a-memcpy-stub.o)
                0x08003528                memcpy
 *fill*         0x0800353a        0x2 
 .text._free_r  0x0800353c       0x94 C:/ST/STM32CubeIDE_1.17.0/STM32CubeIDE/plugins/com.st.stm32cube.ide.mcu.externaltools.gnu-tools-for-stm32.13.3.rel1.win32_1.0.0.202411081344/tools/bin/../lib/gcc/arm-none-eabi/13.3.1/../../../../arm-none-eabi/lib/thumb/v6-m/nofp\libc_nano.a(libc_a-freer.o)
                0x0800353c                _free_r
 .text.sbrk_aligned
                0x080035d0       0x44 C:/ST/STM32CubeIDE_1.17.0/STM32CubeIDE/plugins/com.st.stm32cube.ide.mcu.externaltools.gnu-tools-for-stm32.13.3.rel1.win32_1.0.0.202411081344/tools/bin/../lib/gcc/arm-none-eabi/13.3.1/../../../../arm-none-eabi/lib/thumb/v6-m/nofp\libc_nano.a(libc_a-mallocr.o)
 .text._malloc_r
                0x08003614      0x100 C:/ST/STM32CubeIDE_1.17.0/STM32CubeIDE/plugins/com.st.stm32cube.ide.mcu.externaltools.gnu-tools-for-stm32.13.3.rel1.win32_1.0.0.202411081344/tools/bin/../lib/gcc/arm-none-eabi/13.3.1/../../../../arm-none-eabi/lib/thumb/v6-m/nofp\libc_nano.a(libc_a-mallocr.o)
                0x08003614                _malloc_r
 .text.__malloc_lock
                0x08003714       0x10 C:/ST/STM32CubeIDE_1.17.0/STM32CubeIDE/plugins/com.st.stm32cube.ide.mcu.externaltools.gnu-tools-for-stm32.13.3.rel1.win32_1.0.0.202411081344/tools/bin/../lib/gcc/arm-none-eabi/13.3.1/../../../../arm-none-eabi/lib/thumb/v6-m/nofp\libc_nano.a(libc_a-mlock.o)
                0x08003714                __malloc_lock
 .text.__malloc_unlock
                0x08003724       0x10 C:/ST/STM32CubeIDE_1.17.0/STM32CubeIDE/plugins/com.st.stm32cube.ide.mcu.externaltools.gnu-tools-for-stm32.13.3.rel1.win32_1.0.0.202411081344/tools/bin/../lib/gcc/arm-none-eabi/13.3.1/../../../../arm-none-eabi/lib/thumb/v6-m/nofp\libc_nano.a(libc_a-mlock.o)
                0x08003724                __malloc_unlock
 .text.__ssputs_r
                0x08003734       0xc0 C:/ST/STM32CubeIDE_1.17.0/STM32CubeIDE/plugins/com.st.stm32cube.ide.mcu.externaltools.gnu-tools-for-stm32.13.3.rel1.win32_1.0.0.202411081344/tools/bin/../lib/gcc/arm-none-eabi/13.3.1/../../../../arm-none-eabi/lib/thumb/v6-m/nofp\libc_nano.a(libc_a-nano-svfprintf.o)
                0x08003734                __ssputs_r
 .text._svfprintf_r
                0x080037f4      0x1fc C:/ST/STM32CubeIDE_1.17.0/STM32CubeIDE/plugins/com.st.stm32cube.ide.mcu.externaltools.gnu-tools-for-stm32.13.3.rel1.win32_1.0.0.202411081344/tools/bin/../lib/gcc/arm-none-eabi/13.3.1/../../../../arm-none-eabi/lib/thumb/v6-m/nofp\libc_nano.a(libc_a-nano-svfprintf.o)
                0x080037f4                _svfiprintf_r
                0x080037f4                _svfprintf_r
 .text._printf_common
                0x080039f0       0xde C:/ST/STM32CubeIDE_1.17.0/STM32CubeIDE/plugins/com.st.stm32cube.ide.mcu.externaltools.gnu-tools-for-stm32.13.3.rel1.win32_1.0.0.202411081344/tools/bin/../lib/gcc/arm-none-eabi/13.3.1/../../../../arm-none-eabi/lib/thumb/v6-m/nofp\libc_nano.a(libc_a-nano-vfprintf_i.o)
                0x080039f0                _printf_common
 *fill*         0x08003ace        0x2 
 .text._printf_i
                0x08003ad0      0x218 C:/ST/STM32CubeIDE_1.17.0/STM32CubeIDE/plugins/com.st.stm32cube.ide.mcu.externaltools.gnu-tools-for-stm32.13.3.rel1.win32_1.0.0.202411081344/tools/bin/../lib/gcc/arm-none-eabi/13.3.1/../../../../arm-none-eabi/lib/thumb/v6-m/nofp\libc_nano.a(libc_a-nano-vfprintf_i.o)
                0x08003ad0                _printf_i
 .text.memmove  0x08003ce8       0x24 C:/ST/STM32CubeIDE_1.17.0/STM32CubeIDE/plugins/com.st.stm32cube.ide.mcu.externaltools.gnu-tools-for-stm32.13.3.rel1.win32_1.0.0.202411081344/tools/bin/../lib/gcc/arm-none-eabi/13.3.1/../../../../arm-none-eabi/lib/thumb/v6-m/nofp\libc_nano.a(libc_a-memmove.o)
                0x08003ce8                memmove
 .text._sbrk_r  0x08003d0c       0x24 C:/ST/STM32CubeIDE_1.17.0/STM32CubeIDE/plugins/com.st.stm32cube.ide.mcu.externaltools.gnu-tools-for-stm32.13.3.rel1.win32_1.0.0.202411081344/tools/bin/../lib/gcc/arm-none-eabi/13.3.1/../../../../arm-none-eabi/lib/thumb/v6-m/nofp\libc_nano.a(libc_a-sbrkr.o)
                0x08003d0c                _sbrk_r
 .text.memchr   0x08003d30       0x16 C:/ST/STM32CubeIDE_1.17.0/STM32CubeIDE/plugins/com.st.stm32cube.ide.mcu.externaltools.gnu-tools-for-stm32.13.3.rel1.win32_1.0.0.202411081344/tools/bin/../lib/gcc/arm-none-eabi/13.3.1/../../../../arm-none-eabi/lib/thumb/v6-m/nofp\libc_nano.a(libc_a-memchr-stub.o)
                0x08003d30                memchr
 .text._realloc_r
                0x08003d46       0x60 C:/ST/STM32CubeIDE_1.17.0/STM32CubeIDE/plugins/com.st.stm32cube.ide.mcu.externaltools.gnu-tools-for-stm32.13.3.rel1.win32_1.0.0.202411081344/tools/bin/../lib/gcc/arm-none-eabi/13.3.1/../../../../arm-none-eabi/lib/thumb/v6-m/nofp\libc_nano.a(libc_a-reallocr.o)
                0x08003d46                _realloc_r
 .text._malloc_usable_size_r
                0x08003da6       0x10 C:/ST/STM32CubeIDE_1.17.0/STM32CubeIDE/plugins/com.st.stm32cube.ide.mcu.externaltools.gnu-tools-for-stm32.13.3.rel1.win32_1.0.0.202411081344/tools/bin/../lib/gcc/arm-none-eabi/13.3.1/../../../../arm-none-eabi/lib/thumb/v6-m/nofp\libc_nano.a(libc_a-msizer.o)
                0x08003da6                _malloc_usable_size_r
 *(.glue_7)
 .glue_7        0x08003db6        0x0 linker stubs
 *(.glue_7t)
 .glue_7t       0x08003db6        0x0 linker stubs
 *(.eh_frame)
 *fill*         0x08003db6        0x2 
 .eh_frame      0x08003db8        0x0 C:/ST/STM32CubeIDE_1.17.0/STM32CubeIDE/plugins/com.st.stm32cube.ide.mcu.externaltools.gnu-tools-for-stm32.13.3.rel1.win32_1.0.0.202411081344/tools/bin/../lib/gcc/arm-none-eabi/13.3.1/thumb/v6-m/nofp/crtbegin.o
 *(.init)
 .init          0x08003db8        0x4 C:/ST/STM32CubeIDE_1.17.0/STM32CubeIDE/plugins/com.st.stm32cube.ide.mcu.externaltools.gnu-tools-for-stm32.13.3.rel1.win32_1.0.0.202411081344/tools/bin/../lib/gcc/arm-none-eabi/13.3.1/thumb/v6-m/nofp/crti.o
                0x08003db8                _init
 .init          0x08003dbc        0x8 C:/ST/STM32CubeIDE_1.17.0/STM32CubeIDE/plugins/com.st.stm32cube.ide.mcu.externaltools.gnu-tools-for-stm32.13.3.rel1.win32_1.0.0.202411081344/tools/bin/../lib/gcc/arm-none-eabi/13.3.1/thumb/v6-m/nofp/crtn.o
 *(.fini)
 .fini          0x08003dc4        0x4 C:/ST/STM32CubeIDE_1.17.0/STM32CubeIDE/plugins/com.st.stm32cube.ide.mcu.externaltools.gnu-tools-for-stm32.13.3.rel1.win32_1.0.0.202411081344/tools/bin/../lib/gcc/arm-none-eabi/13.3.1/thumb/v6-m/nofp/crti.o
                0x08003dc4                _fini
 .fini          0x08003dc8        0x8 C:/ST/STM32CubeIDE_1.17.0/STM32CubeIDE/plugins/com.st.stm32cube.ide.mcu.externaltools.gnu-tools-for-stm32.13.3.rel1.win32_1.0.0.202411081344/tools/bin/../lib/gcc/arm-none-eabi/13.3.1/thumb/v6-m/nofp/crtn.o
                0x08003dd0                        . = ALIGN (0x4)
                0x08003dd0                        _etext = .

.vfp11_veneer   0x08003dd0        0x0
 .vfp11_veneer  0x08003dd0        0x0 linker stubs

.v4_bx          0x08003dd0        0x0
 .v4_bx         0x08003dd0        0x0 linker stubs

.iplt           0x08003dd0        0x0
 .iplt          0x08003dd0        0x0 C:/ST/STM32CubeIDE_1.17.0/STM32CubeIDE/plugins/com.st.stm32cube.ide.mcu.externaltools.gnu-tools-for-stm32.13.3.rel1.win32_1.0.0.202411081344/tools/bin/../lib/gcc/arm-none-eabi/13.3.1/thumb/v6-m/nofp/crtbegin.o

.rodata         0x08003dd0      0x2ec
                0x08003dd0                        . = ALIGN (0x4)
 *(.rodata)
 .rodata        0x08003dd0      0x1dc ./Core/Src/main.o
 .rodata        0x08003fac       0xa3 ./bootloader_cm0/Src/bl_cm0.o
 *(.rodata*)
 *fill*         0x0800404f        0x1 
 .rodata.AHBPrescTable
                0x08004050       0x10 ./Core/Src/system_stm32f0xx.o
                0x08004050                AHBPrescTable
 .rodata.APBPrescTable
                0x08004060        0x8 ./Core/Src/system_stm32f0xx.o
                0x08004060                APBPrescTable
 .rodata.aPLLMULFactorTable.1
                0x08004068       0x10 ./Drivers/STM32F0xx_HAL_Driver/Src/stm32f0xx_hal_rcc.o
 .rodata.aPredivFactorTable.0
                0x08004078       0x10 ./Drivers/STM32F0xx_HAL_Driver/Src/stm32f0xx_hal_rcc.o
 .rodata._svfprintf_r.str1.1
                0x08004088       0x33 C:/ST/STM32CubeIDE_1.17.0/STM32CubeIDE/plugins/com.st.stm32cube.ide.mcu.externaltools.gnu-tools-for-stm32.13.3.rel1.win32_1.0.0.202411081344/tools/bin/../lib/gcc/arm-none-eabi/13.3.1/../../../../arm-none-eabi/lib/thumb/v6-m/nofp\libc_nano.a(libc_a-nano-svfprintf.o)
                                 0x11 (size before relaxing)
 .rodata._printf_i.str1.1
                0x080040bb       0x22 C:/ST/STM32CubeIDE_1.17.0/STM32CubeIDE/plugins/com.st.stm32cube.ide.mcu.externaltools.gnu-tools-for-stm32.13.3.rel1.win32_1.0.0.202411081344/tools/bin/../lib/gcc/arm-none-eabi/13.3.1/../../../../arm-none-eabi/lib/thumb/v6-m/nofp\libc_nano.a(libc_a-nano-vfprintf_i.o)
                0x080040e0                        . = ALIGN (0x4)
 *fill*         0x080040bb        0x1 

.ARM.extab      0x080040bc        0x0
                0x080040bc                        . = ALIGN (0x4)
 *(.ARM.extab* .gnu.linkonce.armextab.*)
                0x080040bc                        . = ALIGN (0x4)

.ARM            0x080040bc        0x0
                0x080040bc                        . = ALIGN (0x4)
                0x080040bc                        __exidx_start = .
 *(.ARM.exidx*)
                0x080040bc                        __exidx_end = .
                0x080040bc                        . = ALIGN (0x4)

.preinit_array  0x080040bc        0x0
                0x080040bc                        . = ALIGN (0x4)
                0x080040bc                        PROVIDE (__preinit_array_start = .)
 *(.preinit_array*)
                0x080040bc                        PROVIDE (__preinit_array_end = .)
                0x080040bc                        . = ALIGN (0x4)

.init_array     0x080040bc        0x4
                0x080040bc                        . = ALIGN (0x4)
                0x080040bc                        PROVIDE (__init_array_start = .)
 *(SORT_BY_NAME(.init_array.*))
 *(.init_array*)
 .init_array    0x080040bc        0x4 C:/ST/STM32CubeIDE_1.17.0/STM32CubeIDE/plugins/com.st.stm32cube.ide.mcu.externaltools.gnu-tools-for-stm32.13.3.rel1.win32_1.0.0.202411081344/tools/bin/../lib/gcc/arm-none-eabi/13.3.1/thumb/v6-m/nofp/crtbegin.o
                0x080040c0                        PROVIDE (__init_array_end = .)
                0x080040c0                        . = ALIGN (0x4)

.fini_array     0x080040c0        0x4
                0x080040c0                        . = ALIGN (0x4)
                [!provide]                        PROVIDE (__fini_array_start = .)
 *(SORT_BY_NAME(.fini_array.*))
 *(.fini_array*)
 .fini_array    0x080040c0        0x4 C:/ST/STM32CubeIDE_1.17.0/STM32CubeIDE/plugins/com.st.stm32cube.ide.mcu.externaltools.gnu-tools-for-stm32.13.3.rel1.win32_1.0.0.202411081344/tools/bin/../lib/gcc/arm-none-eabi/13.3.1/thumb/v6-m/nofp/crtbegin.o
                [!provide]                        PROVIDE (__fini_array_end = .)
                0x080040c4                        . = ALIGN (0x4)
                0x080040c4                        _sidata = LOADADDR (.data)

.rel.dyn        0x080040c4        0x0
 .rel.iplt      0x080040c4        0x0 C:/ST/STM32CubeIDE_1.17.0/STM32CubeIDE/plugins/com.st.stm32cube.ide.mcu.externaltools.gnu-tools-for-stm32.13.3.rel1.win32_1.0.0.202411081344/tools/bin/../lib/gcc/arm-none-eabi/13.3.1/thumb/v6-m/nofp/crtbegin.o

.ram_isr_vector
                0x20000000       0xc0
 *(.ram_isr_vector)
 .ram_isr_vector
                0x20000000       0xc0 ./bootloader_cm0/Src/bl_cm0.o
                0x20000000                ram_vectable

.data           0x200000c0       0x64 load address 0x080040c4
                0x200000c0                        . = ALIGN (0x4)
                0x200000c0                        _sdata = .
 *(.data)
 *(.data*)
 .data.flash_fw_addr
                0x200000c0        0x4 ./Core/Src/main.o
                0x200000c0                flash_fw_addr
 .data.SystemCoreClock
                0x200000c4        0x4 ./Core/Src/system_stm32f0xx.o
                0x200000c4                SystemCoreClock
 .data.uwTickPrio
                0x200000c8        0x4 ./Drivers/STM32F0xx_HAL_Driver/Src/stm32f0xx_hal.o
                0x200000c8                uwTickPrio
 .data.uwTickFreq
                0x200000cc        0x1 ./Drivers/STM32F0xx_HAL_Driver/Src/stm32f0xx_hal.o
                0x200000cc                uwTickFreq
 *fill*         0x200000cd        0x3 
 .data.APP_START_ADDR
                0x200000d0        0x4 ./bootloader_cm0/Src/bl_cm0.o
                0x200000d0                APP_START_ADDR
 .data._impure_ptr
                0x200000d4        0x4 C:/ST/STM32CubeIDE_1.17.0/STM32CubeIDE/plugins/com.st.stm32cube.ide.mcu.externaltools.gnu-tools-for-stm32.13.3.rel1.win32_1.0.0.202411081344/tools/bin/../lib/gcc/arm-none-eabi/13.3.1/../../../../arm-none-eabi/lib/thumb/v6-m/nofp\libc_nano.a(libc_a-impure.o)
                0x200000d4                _impure_ptr
 .data._impure_data
                0x200000d8       0x4c C:/ST/STM32CubeIDE_1.17.0/STM32CubeIDE/plugins/com.st.stm32cube.ide.mcu.externaltools.gnu-tools-for-stm32.13.3.rel1.win32_1.0.0.202411081344/tools/bin/../lib/gcc/arm-none-eabi/13.3.1/../../../../arm-none-eabi/lib/thumb/v6-m/nofp\libc_nano.a(libc_a-impure.o)
                0x200000d8                _impure_data
 *(.RamFunc)
 *(.RamFunc*)
                0x20000124                        . = ALIGN (0x4)
                0x20000124                        _edata = .

.igot.plt       0x20000124        0x0 load address 0x08004128
 .igot.plt      0x20000124        0x0 C:/ST/STM32CubeIDE_1.17.0/STM32CubeIDE/plugins/com.st.stm32cube.ide.mcu.externaltools.gnu-tools-for-stm32.13.3.rel1.win32_1.0.0.202411081344/tools/bin/../lib/gcc/arm-none-eabi/13.3.1/thumb/v6-m/nofp/crtbegin.o
                0x20000124                        . = ALIGN (0x4)

.bss            0x20000128      0x610 load address 0x08004128
                0x20000128                        _sbss = .
                0x20000128                        __bss_start__ = _sbss
 *(.bss)
 .bss           0x20000128       0x1c C:/ST/STM32CubeIDE_1.17.0/STM32CubeIDE/plugins/com.st.stm32cube.ide.mcu.externaltools.gnu-tools-for-stm32.13.3.rel1.win32_1.0.0.202411081344/tools/bin/../lib/gcc/arm-none-eabi/13.3.1/thumb/v6-m/nofp/crtbegin.o
 *(.bss*)
 .bss.hspi1     0x20000144       0x64 ./Core/Src/main.o
                0x20000144                hspi1
 .bss.huart1    0x200001a8       0x88 ./Core/Src/main.o
                0x200001a8                huart1
 .bss.hdma_usart1_rx
                0x20000230       0x44 ./Core/Src/main.o
                0x20000230                hdma_usart1_rx
 .bss.DataFrame
                0x20000274      0x106 ./Core/Src/main.o
                0x20000274                DataFrame
 .bss.data_ready_flag
                0x2000037a        0x1 ./Core/Src/main.o
                0x2000037a                data_ready_flag
 .bss.crc8_val  0x2000037b        0x1 ./Core/Src/main.o
                0x2000037b                crc8_val
 .bss.crc16_val
                0x2000037c        0x2 ./Core/Src/main.o
                0x2000037c                crc16_val
 *fill*         0x2000037e        0x2 
 .bss.crc8      0x20000380      0x11c ./Core/Src/main.o
                0x20000380                crc8
 .bss.crc16     0x2000049c      0x11c ./Core/Src/main.o
                0x2000049c                crc16
 .bss.num_of_chunks
                0x200005b8        0x1 ./Core/Src/main.o
                0x200005b8                num_of_chunks
 .bss.chunk_count
                0x200005b9        0x1 ./Core/Src/main.o
                0x200005b9                chunk_count
 .bss.erase_count
                0x200005ba        0x1 ./Core/Src/main.o
                0x200005ba                erase_count
 *fill*         0x200005bb        0x1 
 .bss.chunks_total_crc16_val
                0x200005bc        0x2 ./Core/Src/main.o
                0x200005bc                chunks_total_crc16_val
 .bss.total_crc16_from_host
                0x200005be        0x2 ./Core/Src/main.o
                0x200005be                total_crc16_from_host
 .bss.chunk_crc16_val_from_host
                0x200005c0        0x2 ./Core/Src/main.o
                0x200005c0                chunk_crc16_val_from_host
 *fill*         0x200005c2        0x2 
 .bss.__sbrk_heap_end
                0x200005c4        0x4 ./Core/Src/sysmem.o
 .bss.uwTick    0x200005c8        0x4 ./Drivers/STM32F0xx_HAL_Driver/Src/stm32f0xx_hal.o
                0x200005c8                uwTick
 *fill*         0x200005cc        0x4 
 .bss.pFlash    0x200005d0       0x20 ./Drivers/STM32F0xx_HAL_Driver/Src/stm32f0xx_hal_flash.o
                0x200005d0                pFlash
 .bss.__sf      0x200005f0      0x138 C:/ST/STM32CubeIDE_1.17.0/STM32CubeIDE/plugins/com.st.stm32cube.ide.mcu.externaltools.gnu-tools-for-stm32.13.3.rel1.win32_1.0.0.202411081344/tools/bin/../lib/gcc/arm-none-eabi/13.3.1/../../../../arm-none-eabi/lib/thumb/v6-m/nofp\libc_nano.a(libc_a-findfp.o)
                0x200005f0                __sf
 .bss.errno     0x20000728        0x4 C:/ST/STM32CubeIDE_1.17.0/STM32CubeIDE/plugins/com.st.stm32cube.ide.mcu.externaltools.gnu-tools-for-stm32.13.3.rel1.win32_1.0.0.202411081344/tools/bin/../lib/gcc/arm-none-eabi/13.3.1/../../../../arm-none-eabi/lib/thumb/v6-m/nofp\libc_nano.a(libc_a-reent.o)
                0x20000728                errno
 .bss.__lock___malloc_recursive_mutex
                0x2000072c        0x1 C:/ST/STM32CubeIDE_1.17.0/STM32CubeIDE/plugins/com.st.stm32cube.ide.mcu.externaltools.gnu-tools-for-stm32.13.3.rel1.win32_1.0.0.202411081344/tools/bin/../lib/gcc/arm-none-eabi/13.3.1/../../../../arm-none-eabi/lib/thumb/v6-m/nofp\libc_nano.a(libc_a-lock.o)
                0x2000072c                __lock___malloc_recursive_mutex
 *fill*         0x2000072d        0x3 
 .bss.__malloc_sbrk_start
                0x20000730        0x4 C:/ST/STM32CubeIDE_1.17.0/STM32CubeIDE/plugins/com.st.stm32cube.ide.mcu.externaltools.gnu-tools-for-stm32.13.3.rel1.win32_1.0.0.202411081344/tools/bin/../lib/gcc/arm-none-eabi/13.3.1/../../../../arm-none-eabi/lib/thumb/v6-m/nofp\libc_nano.a(libc_a-mallocr.o)
                0x20000730                __malloc_sbrk_start
 .bss.__malloc_free_list
                0x20000734        0x4 C:/ST/STM32CubeIDE_1.17.0/STM32CubeIDE/plugins/com.st.stm32cube.ide.mcu.externaltools.gnu-tools-for-stm32.13.3.rel1.win32_1.0.0.202411081344/tools/bin/../lib/gcc/arm-none-eabi/13.3.1/../../../../arm-none-eabi/lib/thumb/v6-m/nofp\libc_nano.a(libc_a-mallocr.o)
                0x20000734                __malloc_free_list
 *(COMMON)
                0x20000738                        . = ALIGN (0x4)
                0x20000738                        _ebss = .
                0x20000738                        __bss_end__ = _ebss

._user_heap_stack
                0x20000738      0x600 load address 0x08004128
                0x20000738                        . = ALIGN (0x8)
                [!provide]                        PROVIDE (end = .)
                0x20000738                        PROVIDE (_end = .)
                0x20000938                        . = (. + _Min_Heap_Size)
 *fill*         0x20000738      0x200 
                0x20000d38                        . = (. + _Min_Stack_Size)
 *fill*         0x20000938      0x400 
                0x20000d38                        . = ALIGN (0x8)

/DISCARD/
 libc.a(*)
 libm.a(*)
 libgcc.a(*)

.ARM.attributes
                0x00000000       0x28
 *(.ARM.attributes)
 .ARM.attributes
                0x00000000       0x1e C:/ST/STM32CubeIDE_1.17.0/STM32CubeIDE/plugins/com.st.stm32cube.ide.mcu.externaltools.gnu-tools-for-stm32.13.3.rel1.win32_1.0.0.202411081344/tools/bin/../lib/gcc/arm-none-eabi/13.3.1/thumb/v6-m/nofp/crti.o
 .ARM.attributes
                0x0000001e       0x2c C:/ST/STM32CubeIDE_1.17.0/STM32CubeIDE/plugins/com.st.stm32cube.ide.mcu.externaltools.gnu-tools-for-stm32.13.3.rel1.win32_1.0.0.202411081344/tools/bin/../lib/gcc/arm-none-eabi/13.3.1/thumb/v6-m/nofp/crtbegin.o
 .ARM.attributes
                0x0000004a       0x2c ./Core/Src/main.o
 .ARM.attributes
                0x00000076       0x2c ./Core/Src/stm32f0xx_hal_msp.o
 .ARM.attributes
                0x000000a2       0x2c ./Core/Src/stm32f0xx_it.o
 .ARM.attributes
                0x000000ce       0x2c ./Core/Src/sysmem.o
 .ARM.attributes
                0x000000fa       0x2c ./Core/Src/system_stm32f0xx.o
 .ARM.attributes
                0x00000126       0x21 ./Core/Startup/startup_stm32f030c8tx.o
 .ARM.attributes
                0x00000147       0x2c ./Drivers/STM32F0xx_HAL_Driver/Src/stm32f0xx_hal.o
 .ARM.attributes
                0x00000173       0x2c ./Drivers/STM32F0xx_HAL_Driver/Src/stm32f0xx_hal_cortex.o
 .ARM.attributes
                0x0000019f       0x2c ./Drivers/STM32F0xx_HAL_Driver/Src/stm32f0xx_hal_dma.o
 .ARM.attributes
                0x000001cb       0x2c ./Drivers/STM32F0xx_HAL_Driver/Src/stm32f0xx_hal_flash.o
 .ARM.attributes
                0x000001f7       0x2c ./Drivers/STM32F0xx_HAL_Driver/Src/stm32f0xx_hal_flash_ex.o
 .ARM.attributes
                0x00000223       0x2c ./Drivers/STM32F0xx_HAL_Driver/Src/stm32f0xx_hal_gpio.o
 .ARM.attributes
                0x0000024f       0x2c ./Drivers/STM32F0xx_HAL_Driver/Src/stm32f0xx_hal_rcc.o
 .ARM.attributes
                0x0000027b       0x2c ./Drivers/STM32F0xx_HAL_Driver/Src/stm32f0xx_hal_rcc_ex.o
 .ARM.attributes
                0x000002a7       0x2c ./Drivers/STM32F0xx_HAL_Driver/Src/stm32f0xx_hal_spi.o
 .ARM.attributes
                0x000002d3       0x2c ./Drivers/STM32F0xx_HAL_Driver/Src/stm32f0xx_hal_uart.o
 .ARM.attributes
                0x000002ff       0x2c ./bootloader_cm0/Src/bl_cm0.o
 .ARM.attributes
                0x0000032b       0x2c ./crc/Src/crc.o
 .ARM.attributes
                0x00000357       0x2c C:/ST/STM32CubeIDE_1.17.0/STM32CubeIDE/plugins/com.st.stm32cube.ide.mcu.externaltools.gnu-tools-for-stm32.13.3.rel1.win32_1.0.0.202411081344/tools/bin/../lib/gcc/arm-none-eabi/13.3.1/../../../../arm-none-eabi/lib/thumb/v6-m/nofp\libc_nano.a(libc_a-findfp.o)
 .ARM.attributes
                0x00000383       0x2c C:/ST/STM32CubeIDE_1.17.0/STM32CubeIDE/plugins/com.st.stm32cube.ide.mcu.externaltools.gnu-tools-for-stm32.13.3.rel1.win32_1.0.0.202411081344/tools/bin/../lib/gcc/arm-none-eabi/13.3.1/../../../../arm-none-eabi/lib/thumb/v6-m/nofp\libc_nano.a(libc_a-vsprintf.o)
 .ARM.attributes
                0x000003af       0x2c C:/ST/STM32CubeIDE_1.17.0/STM32CubeIDE/plugins/com.st.stm32cube.ide.mcu.externaltools.gnu-tools-for-stm32.13.3.rel1.win32_1.0.0.202411081344/tools/bin/../lib/gcc/arm-none-eabi/13.3.1/../../../../arm-none-eabi/lib/thumb/v6-m/nofp\libc_nano.a(libc_a-memset.o)
 .ARM.attributes
                0x000003db       0x2c C:/ST/STM32CubeIDE_1.17.0/STM32CubeIDE/plugins/com.st.stm32cube.ide.mcu.externaltools.gnu-tools-for-stm32.13.3.rel1.win32_1.0.0.202411081344/tools/bin/../lib/gcc/arm-none-eabi/13.3.1/../../../../arm-none-eabi/lib/thumb/v6-m/nofp\libc_nano.a(libc_a-reent.o)
 .ARM.attributes
                0x00000407       0x2c C:/ST/STM32CubeIDE_1.17.0/STM32CubeIDE/plugins/com.st.stm32cube.ide.mcu.externaltools.gnu-tools-for-stm32.13.3.rel1.win32_1.0.0.202411081344/tools/bin/../lib/gcc/arm-none-eabi/13.3.1/../../../../arm-none-eabi/lib/thumb/v6-m/nofp\libc_nano.a(libc_a-impure.o)
 .ARM.attributes
                0x00000433       0x2c C:/ST/STM32CubeIDE_1.17.0/STM32CubeIDE/plugins/com.st.stm32cube.ide.mcu.externaltools.gnu-tools-for-stm32.13.3.rel1.win32_1.0.0.202411081344/tools/bin/../lib/gcc/arm-none-eabi/13.3.1/../../../../arm-none-eabi/lib/thumb/v6-m/nofp\libc_nano.a(libc_a-errno.o)
 .ARM.attributes
                0x0000045f       0x2c C:/ST/STM32CubeIDE_1.17.0/STM32CubeIDE/plugins/com.st.stm32cube.ide.mcu.externaltools.gnu-tools-for-stm32.13.3.rel1.win32_1.0.0.202411081344/tools/bin/../lib/gcc/arm-none-eabi/13.3.1/../../../../arm-none-eabi/lib/thumb/v6-m/nofp\libc_nano.a(libc_a-init.o)
 .ARM.attributes
                0x0000048b       0x2c C:/ST/STM32CubeIDE_1.17.0/STM32CubeIDE/plugins/com.st.stm32cube.ide.mcu.externaltools.gnu-tools-for-stm32.13.3.rel1.win32_1.0.0.202411081344/tools/bin/../lib/gcc/arm-none-eabi/13.3.1/../../../../arm-none-eabi/lib/thumb/v6-m/nofp\libc_nano.a(libc_a-lock.o)
 .ARM.attributes
                0x000004b7       0x2c C:/ST/STM32CubeIDE_1.17.0/STM32CubeIDE/plugins/com.st.stm32cube.ide.mcu.externaltools.gnu-tools-for-stm32.13.3.rel1.win32_1.0.0.202411081344/tools/bin/../lib/gcc/arm-none-eabi/13.3.1/../../../../arm-none-eabi/lib/thumb/v6-m/nofp\libc_nano.a(libc_a-memcpy-stub.o)
 .ARM.attributes
                0x000004e3       0x1c C:/ST/STM32CubeIDE_1.17.0/STM32CubeIDE/plugins/com.st.stm32cube.ide.mcu.externaltools.gnu-tools-for-stm32.13.3.rel1.win32_1.0.0.202411081344/tools/bin/../lib/gcc/arm-none-eabi/13.3.1/../../../../arm-none-eabi/lib/thumb/v6-m/nofp\libc_nano.a(libc_a-strlen.o)
 .ARM.attributes
                0x000004ff       0x2c C:/ST/STM32CubeIDE_1.17.0/STM32CubeIDE/plugins/com.st.stm32cube.ide.mcu.externaltools.gnu-tools-for-stm32.13.3.rel1.win32_1.0.0.202411081344/tools/bin/../lib/gcc/arm-none-eabi/13.3.1/../../../../arm-none-eabi/lib/thumb/v6-m/nofp\libc_nano.a(libc_a-freer.o)
 .ARM.attributes
                0x0000052b       0x2c C:/ST/STM32CubeIDE_1.17.0/STM32CubeIDE/plugins/com.st.stm32cube.ide.mcu.externaltools.gnu-tools-for-stm32.13.3.rel1.win32_1.0.0.202411081344/tools/bin/../lib/gcc/arm-none-eabi/13.3.1/../../../../arm-none-eabi/lib/thumb/v6-m/nofp\libc_nano.a(libc_a-mallocr.o)
 .ARM.attributes
                0x00000557       0x2c C:/ST/STM32CubeIDE_1.17.0/STM32CubeIDE/plugins/com.st.stm32cube.ide.mcu.externaltools.gnu-tools-for-stm32.13.3.rel1.win32_1.0.0.202411081344/tools/bin/../lib/gcc/arm-none-eabi/13.3.1/../../../../arm-none-eabi/lib/thumb/v6-m/nofp\libc_nano.a(libc_a-mlock.o)
 .ARM.attributes
                0x00000583       0x2c C:/ST/STM32CubeIDE_1.17.0/STM32CubeIDE/plugins/com.st.stm32cube.ide.mcu.externaltools.gnu-tools-for-stm32.13.3.rel1.win32_1.0.0.202411081344/tools/bin/../lib/gcc/arm-none-eabi/13.3.1/../../../../arm-none-eabi/lib/thumb/v6-m/nofp\libc_nano.a(libc_a-nano-svfprintf.o)
 .ARM.attributes
                0x000005af       0x2c C:/ST/STM32CubeIDE_1.17.0/STM32CubeIDE/plugins/com.st.stm32cube.ide.mcu.externaltools.gnu-tools-for-stm32.13.3.rel1.win32_1.0.0.202411081344/tools/bin/../lib/gcc/arm-none-eabi/13.3.1/../../../../arm-none-eabi/lib/thumb/v6-m/nofp\libc_nano.a(libc_a-nano-vfprintf_i.o)
 .ARM.attributes
                0x000005db       0x2c C:/ST/STM32CubeIDE_1.17.0/STM32CubeIDE/plugins/com.st.stm32cube.ide.mcu.externaltools.gnu-tools-for-stm32.13.3.rel1.win32_1.0.0.202411081344/tools/bin/../lib/gcc/arm-none-eabi/13.3.1/../../../../arm-none-eabi/lib/thumb/v6-m/nofp\libc_nano.a(libc_a-memmove.o)
 .ARM.attributes
                0x00000607       0x2c C:/ST/STM32CubeIDE_1.17.0/STM32CubeIDE/plugins/com.st.stm32cube.ide.mcu.externaltools.gnu-tools-for-stm32.13.3.rel1.win32_1.0.0.202411081344/tools/bin/../lib/gcc/arm-none-eabi/13.3.1/../../../../arm-none-eabi/lib/thumb/v6-m/nofp\libc_nano.a(libc_a-sbrkr.o)
 .ARM.attributes
                0x00000633       0x2c C:/ST/STM32CubeIDE_1.17.0/STM32CubeIDE/plugins/com.st.stm32cube.ide.mcu.externaltools.gnu-tools-for-stm32.13.3.rel1.win32_1.0.0.202411081344/tools/bin/../lib/gcc/arm-none-eabi/13.3.1/../../../../arm-none-eabi/lib/thumb/v6-m/nofp\libc_nano.a(libc_a-memchr-stub.o)
 .ARM.attributes
                0x0000065f       0x2c C:/ST/STM32CubeIDE_1.17.0/STM32CubeIDE/plugins/com.st.stm32cube.ide.mcu.externaltools.gnu-tools-for-stm32.13.3.rel1.win32_1.0.0.202411081344/tools/bin/../lib/gcc/arm-none-eabi/13.3.1/../../../../arm-none-eabi/lib/thumb/v6-m/nofp\libc_nano.a(libc_a-reallocr.o)
 .ARM.attributes
                0x0000068b       0x2c C:/ST/STM32CubeIDE_1.17.0/STM32CubeIDE/plugins/com.st.stm32cube.ide.mcu.externaltools.gnu-tools-for-stm32.13.3.rel1.win32_1.0.0.202411081344/tools/bin/../lib/gcc/arm-none-eabi/13.3.1/../../../../arm-none-eabi/lib/thumb/v6-m/nofp\libc_nano.a(libc_a-msizer.o)
 .ARM.attributes
                0x000006b7       0x1e C:/ST/STM32CubeIDE_1.17.0/STM32CubeIDE/plugins/com.st.stm32cube.ide.mcu.externaltools.gnu-tools-for-stm32.13.3.rel1.win32_1.0.0.202411081344/tools/bin/../lib/gcc/arm-none-eabi/13.3.1/thumb/v6-m/nofp\libgcc.a(_thumb1_case_shi.o)
 .ARM.attributes
                0x000006d5       0x1e C:/ST/STM32CubeIDE_1.17.0/STM32CubeIDE/plugins/com.st.stm32cube.ide.mcu.externaltools.gnu-tools-for-stm32.13.3.rel1.win32_1.0.0.202411081344/tools/bin/../lib/gcc/arm-none-eabi/13.3.1/thumb/v6-m/nofp\libgcc.a(_udivsi3.o)
 .ARM.attributes
                0x000006f3       0x1e C:/ST/STM32CubeIDE_1.17.0/STM32CubeIDE/plugins/com.st.stm32cube.ide.mcu.externaltools.gnu-tools-for-stm32.13.3.rel1.win32_1.0.0.202411081344/tools/bin/../lib/gcc/arm-none-eabi/13.3.1/thumb/v6-m/nofp\libgcc.a(_dvmd_tls.o)
 .ARM.attributes
                0x00000711       0x1e C:/ST/STM32CubeIDE_1.17.0/STM32CubeIDE/plugins/com.st.stm32cube.ide.mcu.externaltools.gnu-tools-for-stm32.13.3.rel1.win32_1.0.0.202411081344/tools/bin/../lib/gcc/arm-none-eabi/13.3.1/thumb/v6-m/nofp/crtn.o
OUTPUT(f030_bootloader.elf elf32-littlearm)
LOAD linker stubs
LOAD C:/ST/STM32CubeIDE_1.17.0/STM32CubeIDE/plugins/com.st.stm32cube.ide.mcu.externaltools.gnu-tools-for-stm32.13.3.rel1.win32_1.0.0.202411081344/tools/bin/../lib/gcc/arm-none-eabi/13.3.1/../../../../arm-none-eabi/lib/thumb/v6-m/nofp\libc.a
LOAD C:/ST/STM32CubeIDE_1.17.0/STM32CubeIDE/plugins/com.st.stm32cube.ide.mcu.externaltools.gnu-tools-for-stm32.13.3.rel1.win32_1.0.0.202411081344/tools/bin/../lib/gcc/arm-none-eabi/13.3.1/../../../../arm-none-eabi/lib/thumb/v6-m/nofp\libm.a
LOAD C:/ST/STM32CubeIDE_1.17.0/STM32CubeIDE/plugins/com.st.stm32cube.ide.mcu.externaltools.gnu-tools-for-stm32.13.3.rel1.win32_1.0.0.202411081344/tools/bin/../lib/gcc/arm-none-eabi/13.3.1/thumb/v6-m/nofp\libgcc.a

.debug_info     0x00000000     0xb7bf
 .debug_info    0x00000000     0x11fc ./Core/Src/main.o
 .debug_info    0x000011fc      0xc7a ./Core/Src/stm32f0xx_hal_msp.o
 .debug_info    0x00001e76      0x334 ./Core/Src/stm32f0xx_it.o
 .debug_info    0x000021aa      0x168 ./Core/Src/sysmem.o
 .debug_info    0x00002312      0x242 ./Core/Src/system_stm32f0xx.o
 .debug_info    0x00002554       0x30 ./Core/Startup/startup_stm32f030c8tx.o
 .debug_info    0x00002584      0x670 ./Drivers/STM32F0xx_HAL_Driver/Src/stm32f0xx_hal.o
 .debug_info    0x00002bf4      0x69b ./Drivers/STM32F0xx_HAL_Driver/Src/stm32f0xx_hal_cortex.o
 .debug_info    0x0000328f      0x700 ./Drivers/STM32F0xx_HAL_Driver/Src/stm32f0xx_hal_dma.o
 .debug_info    0x0000398f      0x4fc ./Drivers/STM32F0xx_HAL_Driver/Src/stm32f0xx_hal_flash.o
 .debug_info    0x00003e8b      0x6e6 ./Drivers/STM32F0xx_HAL_Driver/Src/stm32f0xx_hal_flash_ex.o
 .debug_info    0x00004571      0x5c3 ./Drivers/STM32F0xx_HAL_Driver/Src/stm32f0xx_hal_gpio.o
 .debug_info    0x00004b34      0x844 ./Drivers/STM32F0xx_HAL_Driver/Src/stm32f0xx_hal_rcc.o
 .debug_info    0x00005378      0x35d ./Drivers/STM32F0xx_HAL_Driver/Src/stm32f0xx_hal_rcc_ex.o
 .debug_info    0x000056d5     0x1618 ./Drivers/STM32F0xx_HAL_Driver/Src/stm32f0xx_hal_spi.o
 .debug_info    0x00006ced     0x3a2a ./Drivers/STM32F0xx_HAL_Driver/Src/stm32f0xx_hal_uart.o
 .debug_info    0x0000a717      0xe40 ./bootloader_cm0/Src/bl_cm0.o
 .debug_info    0x0000b557      0x268 ./crc/Src/crc.o

.debug_abbrev   0x00000000     0x22ba
 .debug_abbrev  0x00000000      0x357 ./Core/Src/main.o
 .debug_abbrev  0x00000357      0x1e9 ./Core/Src/stm32f0xx_hal_msp.o
 .debug_abbrev  0x00000540      0x139 ./Core/Src/stm32f0xx_it.o
 .debug_abbrev  0x00000679       0xbc ./Core/Src/sysmem.o
 .debug_abbrev  0x00000735      0x11c ./Core/Src/system_stm32f0xx.o
 .debug_abbrev  0x00000851       0x24 ./Core/Startup/startup_stm32f030c8tx.o
 .debug_abbrev  0x00000875      0x24b ./Drivers/STM32F0xx_HAL_Driver/Src/stm32f0xx_hal.o
 .debug_abbrev  0x00000ac0      0x28c ./Drivers/STM32F0xx_HAL_Driver/Src/stm32f0xx_hal_cortex.o
 .debug_abbrev  0x00000d4c      0x1ef ./Drivers/STM32F0xx_HAL_Driver/Src/stm32f0xx_hal_dma.o
 .debug_abbrev  0x00000f3b      0x226 ./Drivers/STM32F0xx_HAL_Driver/Src/stm32f0xx_hal_flash.o
 .debug_abbrev  0x00001161      0x212 ./Drivers/STM32F0xx_HAL_Driver/Src/stm32f0xx_hal_flash_ex.o
 .debug_abbrev  0x00001373      0x1c8 ./Drivers/STM32F0xx_HAL_Driver/Src/stm32f0xx_hal_gpio.o
 .debug_abbrev  0x0000153b      0x28b ./Drivers/STM32F0xx_HAL_Driver/Src/stm32f0xx_hal_rcc.o
 .debug_abbrev  0x000017c6      0x16f ./Drivers/STM32F0xx_HAL_Driver/Src/stm32f0xx_hal_rcc_ex.o
 .debug_abbrev  0x00001935      0x265 ./Drivers/STM32F0xx_HAL_Driver/Src/stm32f0xx_hal_spi.o
 .debug_abbrev  0x00001b9a      0x2cc ./Drivers/STM32F0xx_HAL_Driver/Src/stm32f0xx_hal_uart.o
 .debug_abbrev  0x00001e66      0x311 ./bootloader_cm0/Src/bl_cm0.o
 .debug_abbrev  0x00002177      0x143 ./crc/Src/crc.o

.debug_aranges  0x00000000      0xa08
 .debug_aranges
                0x00000000       0x58 ./Core/Src/main.o
 .debug_aranges
                0x00000058       0x40 ./Core/Src/stm32f0xx_hal_msp.o
 .debug_aranges
                0x00000098       0x48 ./Core/Src/stm32f0xx_it.o
 .debug_aranges
                0x000000e0       0x20 ./Core/Src/sysmem.o
 .debug_aranges
                0x00000100       0x28 ./Core/Src/system_stm32f0xx.o
 .debug_aranges
                0x00000128       0x28 ./Core/Startup/startup_stm32f030c8tx.o
 .debug_aranges
                0x00000150       0xd0 ./Drivers/STM32F0xx_HAL_Driver/Src/stm32f0xx_hal.o
 .debug_aranges
                0x00000220       0xc0 ./Drivers/STM32F0xx_HAL_Driver/Src/stm32f0xx_hal_cortex.o
 .debug_aranges
                0x000002e0       0x88 ./Drivers/STM32F0xx_HAL_Driver/Src/stm32f0xx_hal_dma.o
 .debug_aranges
                0x00000368       0x88 ./Drivers/STM32F0xx_HAL_Driver/Src/stm32f0xx_hal_flash.o
 .debug_aranges
                0x000003f0       0x98 ./Drivers/STM32F0xx_HAL_Driver/Src/stm32f0xx_hal_flash_ex.o
 .debug_aranges
                0x00000488       0x58 ./Drivers/STM32F0xx_HAL_Driver/Src/stm32f0xx_hal_gpio.o
 .debug_aranges
                0x000004e0       0x80 ./Drivers/STM32F0xx_HAL_Driver/Src/stm32f0xx_hal_rcc.o
 .debug_aranges
                0x00000560       0x30 ./Drivers/STM32F0xx_HAL_Driver/Src/stm32f0xx_hal_rcc_ex.o
 .debug_aranges
                0x00000590      0x1d8 ./Drivers/STM32F0xx_HAL_Driver/Src/stm32f0xx_hal_spi.o
 .debug_aranges
                0x00000768      0x218 ./Drivers/STM32F0xx_HAL_Driver/Src/stm32f0xx_hal_uart.o
 .debug_aranges
                0x00000980       0x60 ./bootloader_cm0/Src/bl_cm0.o
 .debug_aranges
                0x000009e0       0x28 ./crc/Src/crc.o

.debug_rnglists
                0x00000000      0x7b4
 .debug_rnglists
                0x00000000       0x41 ./Core/Src/main.o
 .debug_rnglists
                0x00000041       0x2d ./Core/Src/stm32f0xx_hal_msp.o
 .debug_rnglists
                0x0000006e       0x31 ./Core/Src/stm32f0xx_it.o
 .debug_rnglists
                0x0000009f       0x13 ./Core/Src/sysmem.o
 .debug_rnglists
                0x000000b2       0x1a ./Core/Src/system_stm32f0xx.o
 .debug_rnglists
                0x000000cc       0x19 ./Core/Startup/startup_stm32f030c8tx.o
 .debug_rnglists
                0x000000e5       0x97 ./Drivers/STM32F0xx_HAL_Driver/Src/stm32f0xx_hal.o
 .debug_rnglists
                0x0000017c       0x8c ./Drivers/STM32F0xx_HAL_Driver/Src/stm32f0xx_hal_cortex.o
 .debug_rnglists
                0x00000208       0x6a ./Drivers/STM32F0xx_HAL_Driver/Src/stm32f0xx_hal_dma.o
 .debug_rnglists
                0x00000272       0x65 ./Drivers/STM32F0xx_HAL_Driver/Src/stm32f0xx_hal_flash.o
 .debug_rnglists
                0x000002d7       0x76 ./Drivers/STM32F0xx_HAL_Driver/Src/stm32f0xx_hal_flash_ex.o
 .debug_rnglists
                0x0000034d       0x3f ./Drivers/STM32F0xx_HAL_Driver/Src/stm32f0xx_hal_gpio.o
 .debug_rnglists
                0x0000038c       0x60 ./Drivers/STM32F0xx_HAL_Driver/Src/stm32f0xx_hal_rcc.o
 .debug_rnglists
                0x000003ec       0x21 ./Drivers/STM32F0xx_HAL_Driver/Src/stm32f0xx_hal_rcc_ex.o
 .debug_rnglists
                0x0000040d      0x17a ./Drivers/STM32F0xx_HAL_Driver/Src/stm32f0xx_hal_spi.o
 .debug_rnglists
                0x00000587      0x1ce ./Drivers/STM32F0xx_HAL_Driver/Src/stm32f0xx_hal_uart.o
 .debug_rnglists
                0x00000755       0x44 ./bootloader_cm0/Src/bl_cm0.o
 .debug_rnglists
                0x00000799       0x1b ./crc/Src/crc.o

.debug_macro    0x00000000     0x2d23
 .debug_macro   0x00000000      0x313 ./Core/Src/main.o
 .debug_macro   0x00000313       0x61 ./Core/Src/main.o
 .debug_macro   0x00000374       0x24 ./Core/Src/main.o
 .debug_macro   0x00000398       0x43 ./Core/Src/main.o
 .debug_macro   0x000003db       0x34 ./Core/Src/main.o
 .debug_macro   0x0000040f       0x16 ./Core/Src/main.o
 .debug_macro   0x00000425       0x3c ./Core/Src/main.o
 .debug_macro   0x00000461      0x370 ./Core/Src/main.o
 .debug_macro   0x000007d1       0x10 ./Core/Src/main.o
 .debug_macro   0x000007e1       0x16 ./Core/Src/main.o
 .debug_macro   0x000007f7       0x4a ./Core/Src/main.o
 .debug_macro   0x00000841       0x34 ./Core/Src/main.o
 .debug_macro   0x00000875       0x10 ./Core/Src/main.o
 .debug_macro   0x00000885       0x58 ./Core/Src/main.o
 .debug_macro   0x000008dd       0x8e ./Core/Src/main.o
 .debug_macro   0x0000096b       0x1c ./Core/Src/main.o
 .debug_macro   0x00000987      0x185 ./Core/Src/main.o
 .debug_macro   0x00000b0c       0x16 ./Core/Src/main.o
 .debug_macro   0x00000b22       0x16 ./Core/Src/main.o
 .debug_macro   0x00000b38      0x146 ./Core/Src/main.o
 .debug_macro   0x00000c7e       0x16 ./Core/Src/main.o
 .debug_macro   0x00000c94       0x20 ./Core/Src/main.o
 .debug_macro   0x00000cb4       0x4c ./Core/Src/main.o
 .debug_macro   0x00000d00       0x5e ./Core/Src/main.o
 .debug_macro   0x00000d5e      0x1d4 ./Core/Src/stm32f0xx_hal_msp.o
 .debug_macro   0x00000f32      0x1de ./Core/Src/stm32f0xx_it.o
 .debug_macro   0x00001110      0x112 ./Core/Src/sysmem.o
 .debug_macro   0x00001222      0x23c ./Core/Src/sysmem.o
 .debug_macro   0x0000145e      0x1c2 ./Core/Src/system_stm32f0xx.o
 .debug_macro   0x00001620      0x1e6 ./Drivers/STM32F0xx_HAL_Driver/Src/stm32f0xx_hal.o
 .debug_macro   0x00001806      0x1c2 ./Drivers/STM32F0xx_HAL_Driver/Src/stm32f0xx_hal_cortex.o
 .debug_macro   0x000019c8      0x1c2 ./Drivers/STM32F0xx_HAL_Driver/Src/stm32f0xx_hal_dma.o
 .debug_macro   0x00001b8a      0x1c2 ./Drivers/STM32F0xx_HAL_Driver/Src/stm32f0xx_hal_flash.o
 .debug_macro   0x00001d4c      0x1d4 ./Drivers/STM32F0xx_HAL_Driver/Src/stm32f0xx_hal_flash_ex.o
 .debug_macro   0x00001f20      0x1c9 ./Drivers/STM32F0xx_HAL_Driver/Src/stm32f0xx_hal_gpio.o
 .debug_macro   0x000020e9      0x1d4 ./Drivers/STM32F0xx_HAL_Driver/Src/stm32f0xx_hal_rcc.o
 .debug_macro   0x000022bd      0x1c2 ./Drivers/STM32F0xx_HAL_Driver/Src/stm32f0xx_hal_rcc_ex.o
 .debug_macro   0x0000247f      0x1ca ./Drivers/STM32F0xx_HAL_Driver/Src/stm32f0xx_hal_spi.o
 .debug_macro   0x00002649      0x1df ./Drivers/STM32F0xx_HAL_Driver/Src/stm32f0xx_hal_uart.o
 .debug_macro   0x00002828      0x30d ./bootloader_cm0/Src/bl_cm0.o
 .debug_macro   0x00002b35       0x10 ./bootloader_cm0/Src/bl_cm0.o
 .debug_macro   0x00002b45      0x1de ./crc/Src/crc.o

.debug_line     0x00000000     0xe549
 .debug_line    0x00000000      0xc67 ./Core/Src/main.o
 .debug_line    0x00000c67      0x824 ./Core/Src/stm32f0xx_hal_msp.o
 .debug_line    0x0000148b      0x7d7 ./Core/Src/stm32f0xx_it.o
 .debug_line    0x00001c62      0x588 ./Core/Src/sysmem.o
 .debug_line    0x000021ea      0x7d2 ./Core/Src/system_stm32f0xx.o
 .debug_line    0x000029bc       0x7b ./Core/Startup/startup_stm32f030c8tx.o
 .debug_line    0x00002a37      0x9e1 ./Drivers/STM32F0xx_HAL_Driver/Src/stm32f0xx_hal.o
 .debug_line    0x00003418      0xa89 ./Drivers/STM32F0xx_HAL_Driver/Src/stm32f0xx_hal_cortex.o
 .debug_line    0x00003ea1      0xce5 ./Drivers/STM32F0xx_HAL_Driver/Src/stm32f0xx_hal_dma.o
 .debug_line    0x00004b86      0xa94 ./Drivers/STM32F0xx_HAL_Driver/Src/stm32f0xx_hal_flash.o
 .debug_line    0x0000561a      0xb87 ./Drivers/STM32F0xx_HAL_Driver/Src/stm32f0xx_hal_flash_ex.o
 .debug_line    0x000061a1      0xb46 ./Drivers/STM32F0xx_HAL_Driver/Src/stm32f0xx_hal_gpio.o
 .debug_line    0x00006ce7      0xe72 ./Drivers/STM32F0xx_HAL_Driver/Src/stm32f0xx_hal_rcc.o
 .debug_line    0x00007b59      0x949 ./Drivers/STM32F0xx_HAL_Driver/Src/stm32f0xx_hal_rcc_ex.o
 .debug_line    0x000084a2     0x2042 ./Drivers/STM32F0xx_HAL_Driver/Src/stm32f0xx_hal_spi.o
 .debug_line    0x0000a4e4     0x2c6a ./Drivers/STM32F0xx_HAL_Driver/Src/stm32f0xx_hal_uart.o
 .debug_line    0x0000d14e      0xb91 ./bootloader_cm0/Src/bl_cm0.o
 .debug_line    0x0000dcdf      0x86a ./crc/Src/crc.o

.debug_str      0x00000000    0x5fd27
 .debug_str     0x00000000    0x5fd27 ./Core/Src/main.o
                              0x5da08 (size before relaxing)
 .debug_str     0x0005fd27    0x599ea ./Core/Src/stm32f0xx_hal_msp.o
 .debug_str     0x0005fd27    0x594e5 ./Core/Src/stm32f0xx_it.o
 .debug_str     0x0005fd27     0x768a ./Core/Src/sysmem.o
 .debug_str     0x0005fd27    0x59335 ./Core/Src/system_stm32f0xx.o
 .debug_str     0x0005fd27       0x94 ./Core/Startup/startup_stm32f030c8tx.o
 .debug_str     0x0005fd27    0x598c9 ./Drivers/STM32F0xx_HAL_Driver/Src/stm32f0xx_hal.o
 .debug_str     0x0005fd27    0x596ba ./Drivers/STM32F0xx_HAL_Driver/Src/stm32f0xx_hal_cortex.o
 .debug_str     0x0005fd27    0x596db ./Drivers/STM32F0xx_HAL_Driver/Src/stm32f0xx_hal_dma.o
 .debug_str     0x0005fd27    0x595e0 ./Drivers/STM32F0xx_HAL_Driver/Src/stm32f0xx_hal_flash.o
 .debug_str     0x0005fd27    0x59741 ./Drivers/STM32F0xx_HAL_Driver/Src/stm32f0xx_hal_flash_ex.o
 .debug_str     0x0005fd27    0x594d6 ./Drivers/STM32F0xx_HAL_Driver/Src/stm32f0xx_hal_gpio.o
 .debug_str     0x0005fd27    0x59771 ./Drivers/STM32F0xx_HAL_Driver/Src/stm32f0xx_hal_rcc.o
 .debug_str     0x0005fd27    0x5947e ./Drivers/STM32F0xx_HAL_Driver/Src/stm32f0xx_hal_rcc_ex.o
 .debug_str     0x0005fd27    0x59c9f ./Drivers/STM32F0xx_HAL_Driver/Src/stm32f0xx_hal_spi.o
 .debug_str     0x0005fd27    0x5a04e ./Drivers/STM32F0xx_HAL_Driver/Src/stm32f0xx_hal_uart.o
 .debug_str     0x0005fd27    0x5d52f ./bootloader_cm0/Src/bl_cm0.o
 .debug_str     0x0005fd27    0x5931f ./crc/Src/crc.o

.comment        0x00000000       0x43
 .comment       0x00000000       0x43 ./Core/Src/main.o
                                 0x44 (size before relaxing)
 .comment       0x00000043       0x44 ./Core/Src/stm32f0xx_hal_msp.o
 .comment       0x00000043       0x44 ./Core/Src/stm32f0xx_it.o
 .comment       0x00000043       0x44 ./Core/Src/sysmem.o
 .comment       0x00000043       0x44 ./Core/Src/system_stm32f0xx.o
 .comment       0x00000043       0x44 ./Drivers/STM32F0xx_HAL_Driver/Src/stm32f0xx_hal.o
 .comment       0x00000043       0x44 ./Drivers/STM32F0xx_HAL_Driver/Src/stm32f0xx_hal_cortex.o
 .comment       0x00000043       0x44 ./Drivers/STM32F0xx_HAL_Driver/Src/stm32f0xx_hal_dma.o
 .comment       0x00000043       0x44 ./Drivers/STM32F0xx_HAL_Driver/Src/stm32f0xx_hal_flash.o
 .comment       0x00000043       0x44 ./Drivers/STM32F0xx_HAL_Driver/Src/stm32f0xx_hal_flash_ex.o
 .comment       0x00000043       0x44 ./Drivers/STM32F0xx_HAL_Driver/Src/stm32f0xx_hal_gpio.o
 .comment       0x00000043       0x44 ./Drivers/STM32F0xx_HAL_Driver/Src/stm32f0xx_hal_rcc.o
 .comment       0x00000043       0x44 ./Drivers/STM32F0xx_HAL_Driver/Src/stm32f0xx_hal_rcc_ex.o
 .comment       0x00000043       0x44 ./Drivers/STM32F0xx_HAL_Driver/Src/stm32f0xx_hal_spi.o
 .comment       0x00000043       0x44 ./Drivers/STM32F0xx_HAL_Driver/Src/stm32f0xx_hal_uart.o
 .comment       0x00000043       0x44 ./bootloader_cm0/Src/bl_cm0.o
 .comment       0x00000043       0x44 ./crc/Src/crc.o

.debug_frame    0x00000000     0x26f4
 .debug_frame   0x00000000      0x100 ./Core/Src/main.o
 .debug_frame   0x00000100       0xb0 ./Core/Src/stm32f0xx_hal_msp.o
 .debug_frame   0x000001b0       0xb8 ./Core/Src/stm32f0xx_it.o
 .debug_frame   0x00000268       0x30 ./Core/Src/sysmem.o
 .debug_frame   0x00000298       0x4c ./Core/Src/system_stm32f0xx.o
 .debug_frame   0x000002e4      0x2a4 ./Drivers/STM32F0xx_HAL_Driver/Src/stm32f0xx_hal.o
 .debug_frame   0x00000588      0x2a0 ./Drivers/STM32F0xx_HAL_Driver/Src/stm32f0xx_hal_cortex.o
 .debug_frame   0x00000828      0x1d0 ./Drivers/STM32F0xx_HAL_Driver/Src/stm32f0xx_hal_dma.o
 .debug_frame   0x000009f8      0x1c4 ./Drivers/STM32F0xx_HAL_Driver/Src/stm32f0xx_hal_flash.o
 .debug_frame   0x00000bbc      0x220 ./Drivers/STM32F0xx_HAL_Driver/Src/stm32f0xx_hal_flash_ex.o
 .debug_frame   0x00000ddc      0x110 ./Drivers/STM32F0xx_HAL_Driver/Src/stm32f0xx_hal_gpio.o
 .debug_frame   0x00000eec      0x198 ./Drivers/STM32F0xx_HAL_Driver/Src/stm32f0xx_hal_rcc.o
 .debug_frame   0x00001084       0x70 ./Drivers/STM32F0xx_HAL_Driver/Src/stm32f0xx_hal_rcc_ex.o
 .debug_frame   0x000010f4      0x710 ./Drivers/STM32F0xx_HAL_Driver/Src/stm32f0xx_hal_spi.o
 .debug_frame   0x00001804      0x810 ./Drivers/STM32F0xx_HAL_Driver/Src/stm32f0xx_hal_uart.o
 .debug_frame   0x00002014      0x138 ./bootloader_cm0/Src/bl_cm0.o
 .debug_frame   0x0000214c       0x50 ./crc/Src/crc.o
 .debug_frame   0x0000219c      0x138 C:/ST/STM32CubeIDE_1.17.0/STM32CubeIDE/plugins/com.st.stm32cube.ide.mcu.externaltools.gnu-tools-for-stm32.13.3.rel1.win32_1.0.0.202411081344/tools/bin/../lib/gcc/arm-none-eabi/13.3.1/../../../../arm-none-eabi/lib/thumb/v6-m/nofp\libc_nano.a(libc_a-findfp.o)
 .debug_frame   0x000022d4       0x44 C:/ST/STM32CubeIDE_1.17.0/STM32CubeIDE/plugins/com.st.stm32cube.ide.mcu.externaltools.gnu-tools-for-stm32.13.3.rel1.win32_1.0.0.202411081344/tools/bin/../lib/gcc/arm-none-eabi/13.3.1/../../../../arm-none-eabi/lib/thumb/v6-m/nofp\libc_nano.a(libc_a-vsprintf.o)
 .debug_frame   0x00002318       0x20 C:/ST/STM32CubeIDE_1.17.0/STM32CubeIDE/plugins/com.st.stm32cube.ide.mcu.externaltools.gnu-tools-for-stm32.13.3.rel1.win32_1.0.0.202411081344/tools/bin/../lib/gcc/arm-none-eabi/13.3.1/../../../../arm-none-eabi/lib/thumb/v6-m/nofp\libc_nano.a(libc_a-memset.o)
 .debug_frame   0x00002338       0x2c C:/ST/STM32CubeIDE_1.17.0/STM32CubeIDE/plugins/com.st.stm32cube.ide.mcu.externaltools.gnu-tools-for-stm32.13.3.rel1.win32_1.0.0.202411081344/tools/bin/../lib/gcc/arm-none-eabi/13.3.1/../../../../arm-none-eabi/lib/thumb/v6-m/nofp\libc_nano.a(libc_a-reent.o)
 .debug_frame   0x00002364       0x20 C:/ST/STM32CubeIDE_1.17.0/STM32CubeIDE/plugins/com.st.stm32cube.ide.mcu.externaltools.gnu-tools-for-stm32.13.3.rel1.win32_1.0.0.202411081344/tools/bin/../lib/gcc/arm-none-eabi/13.3.1/../../../../arm-none-eabi/lib/thumb/v6-m/nofp\libc_nano.a(libc_a-errno.o)
 .debug_frame   0x00002384       0x2c C:/ST/STM32CubeIDE_1.17.0/STM32CubeIDE/plugins/com.st.stm32cube.ide.mcu.externaltools.gnu-tools-for-stm32.13.3.rel1.win32_1.0.0.202411081344/tools/bin/../lib/gcc/arm-none-eabi/13.3.1/../../../../arm-none-eabi/lib/thumb/v6-m/nofp\libc_nano.a(libc_a-init.o)
 .debug_frame   0x000023b0       0xb0 C:/ST/STM32CubeIDE_1.17.0/STM32CubeIDE/plugins/com.st.stm32cube.ide.mcu.externaltools.gnu-tools-for-stm32.13.3.rel1.win32_1.0.0.202411081344/tools/bin/../lib/gcc/arm-none-eabi/13.3.1/../../../../arm-none-eabi/lib/thumb/v6-m/nofp\libc_nano.a(libc_a-lock.o)
 .debug_frame   0x00002460       0x28 C:/ST/STM32CubeIDE_1.17.0/STM32CubeIDE/plugins/com.st.stm32cube.ide.mcu.externaltools.gnu-tools-for-stm32.13.3.rel1.win32_1.0.0.202411081344/tools/bin/../lib/gcc/arm-none-eabi/13.3.1/../../../../arm-none-eabi/lib/thumb/v6-m/nofp\libc_nano.a(libc_a-memcpy-stub.o)
 .debug_frame   0x00002488       0x2c C:/ST/STM32CubeIDE_1.17.0/STM32CubeIDE/plugins/com.st.stm32cube.ide.mcu.externaltools.gnu-tools-for-stm32.13.3.rel1.win32_1.0.0.202411081344/tools/bin/../lib/gcc/arm-none-eabi/13.3.1/../../../../arm-none-eabi/lib/thumb/v6-m/nofp\libc_nano.a(libc_a-freer.o)
 .debug_frame   0x000024b4       0x50 C:/ST/STM32CubeIDE_1.17.0/STM32CubeIDE/plugins/com.st.stm32cube.ide.mcu.externaltools.gnu-tools-for-stm32.13.3.rel1.win32_1.0.0.202411081344/tools/bin/../lib/gcc/arm-none-eabi/13.3.1/../../../../arm-none-eabi/lib/thumb/v6-m/nofp\libc_nano.a(libc_a-mallocr.o)
 .debug_frame   0x00002504       0x40 C:/ST/STM32CubeIDE_1.17.0/STM32CubeIDE/plugins/com.st.stm32cube.ide.mcu.externaltools.gnu-tools-for-stm32.13.3.rel1.win32_1.0.0.202411081344/tools/bin/../lib/gcc/arm-none-eabi/13.3.1/../../../../arm-none-eabi/lib/thumb/v6-m/nofp\libc_nano.a(libc_a-mlock.o)
 .debug_frame   0x00002544       0x74 C:/ST/STM32CubeIDE_1.17.0/STM32CubeIDE/plugins/com.st.stm32cube.ide.mcu.externaltools.gnu-tools-for-stm32.13.3.rel1.win32_1.0.0.202411081344/tools/bin/../lib/gcc/arm-none-eabi/13.3.1/../../../../arm-none-eabi/lib/thumb/v6-m/nofp\libc_nano.a(libc_a-nano-svfprintf.o)
 .debug_frame   0x000025b8       0x54 C:/ST/STM32CubeIDE_1.17.0/STM32CubeIDE/plugins/com.st.stm32cube.ide.mcu.externaltools.gnu-tools-for-stm32.13.3.rel1.win32_1.0.0.202411081344/tools/bin/../lib/gcc/arm-none-eabi/13.3.1/../../../../arm-none-eabi/lib/thumb/v6-m/nofp\libc_nano.a(libc_a-nano-vfprintf_i.o)
 .debug_frame   0x0000260c       0x28 C:/ST/STM32CubeIDE_1.17.0/STM32CubeIDE/plugins/com.st.stm32cube.ide.mcu.externaltools.gnu-tools-for-stm32.13.3.rel1.win32_1.0.0.202411081344/tools/bin/../lib/gcc/arm-none-eabi/13.3.1/../../../../arm-none-eabi/lib/thumb/v6-m/nofp\libc_nano.a(libc_a-memmove.o)
 .debug_frame   0x00002634       0x2c C:/ST/STM32CubeIDE_1.17.0/STM32CubeIDE/plugins/com.st.stm32cube.ide.mcu.externaltools.gnu-tools-for-stm32.13.3.rel1.win32_1.0.0.202411081344/tools/bin/../lib/gcc/arm-none-eabi/13.3.1/../../../../arm-none-eabi/lib/thumb/v6-m/nofp\libc_nano.a(libc_a-sbrkr.o)
 .debug_frame   0x00002660       0x20 C:/ST/STM32CubeIDE_1.17.0/STM32CubeIDE/plugins/com.st.stm32cube.ide.mcu.externaltools.gnu-tools-for-stm32.13.3.rel1.win32_1.0.0.202411081344/tools/bin/../lib/gcc/arm-none-eabi/13.3.1/../../../../arm-none-eabi/lib/thumb/v6-m/nofp\libc_nano.a(libc_a-memchr-stub.o)
 .debug_frame   0x00002680       0x34 C:/ST/STM32CubeIDE_1.17.0/STM32CubeIDE/plugins/com.st.stm32cube.ide.mcu.externaltools.gnu-tools-for-stm32.13.3.rel1.win32_1.0.0.202411081344/tools/bin/../lib/gcc/arm-none-eabi/13.3.1/../../../../arm-none-eabi/lib/thumb/v6-m/nofp\libc_nano.a(libc_a-reallocr.o)
 .debug_frame   0x000026b4       0x20 C:/ST/STM32CubeIDE_1.17.0/STM32CubeIDE/plugins/com.st.stm32cube.ide.mcu.externaltools.gnu-tools-for-stm32.13.3.rel1.win32_1.0.0.202411081344/tools/bin/../lib/gcc/arm-none-eabi/13.3.1/../../../../arm-none-eabi/lib/thumb/v6-m/nofp\libc_nano.a(libc_a-msizer.o)
 .debug_frame   0x000026d4       0x20 C:/ST/STM32CubeIDE_1.17.0/STM32CubeIDE/plugins/com.st.stm32cube.ide.mcu.externaltools.gnu-tools-for-stm32.13.3.rel1.win32_1.0.0.202411081344/tools/bin/../lib/gcc/arm-none-eabi/13.3.1/thumb/v6-m/nofp\libgcc.a(_udivsi3.o)

.debug_line_str
                0x00000000       0x78
 .debug_line_str
                0x00000000       0x78 ./Core/Startup/startup_stm32f030c8tx.o
